Archive member included to satisfy reference by file (symbol)

C:/ST/STM32CubeIDE_1.18.1/STM32CubeIDE/plugins/com.st.stm32cube.ide.mcu.externaltools.gnu-tools-for-stm32.13.3.rel1.win32_1.0.0.202411081344/tools/bin/../lib/gcc/arm-none-eabi/13.3.1/thumb/v6-m/nofp\libgcc.a(_dvmd_tls.o)
                              CMakeFiles/FortressKey.dir/C_/Users/HP/OneDrive/Desktop/FortressKey/pico-sdk/src/rp2_common/pico_divider/divider_hardware.S.obj (__aeabi_idiv0)
C:/ST/STM32CubeIDE_1.18.1/STM32CubeIDE/plugins/com.st.stm32cube.ide.mcu.externaltools.gnu-tools-for-stm32.13.3.rel1.win32_1.0.0.202411081344/tools/bin/../lib/gcc/arm-none-eabi/13.3.1/../../../../arm-none-eabi/lib/thumb/v6-m/nofp\libg.a(libc_a-calloc.o)
                              CMakeFiles/FortressKey.dir/C_/Users/HP/OneDrive/Desktop/FortressKey/pico-sdk/src/rp2_common/pico_malloc/malloc.c.obj (calloc)
C:/ST/STM32CubeIDE_1.18.1/STM32CubeIDE/plugins/com.st.stm32cube.ide.mcu.externaltools.gnu-tools-for-stm32.13.3.rel1.win32_1.0.0.202411081344/tools/bin/../lib/gcc/arm-none-eabi/13.3.1/../../../../arm-none-eabi/lib/thumb/v6-m/nofp\libg.a(libc_a-callocr.o)
                              C:/ST/STM32CubeIDE_1.18.1/STM32CubeIDE/plugins/com.st.stm32cube.ide.mcu.externaltools.gnu-tools-for-stm32.13.3.rel1.win32_1.0.0.202411081344/tools/bin/../lib/gcc/arm-none-eabi/13.3.1/../../../../arm-none-eabi/lib/thumb/v6-m/nofp\libg.a(libc_a-calloc.o) (_calloc_r)
C:/ST/STM32CubeIDE_1.18.1/STM32CubeIDE/plugins/com.st.stm32cube.ide.mcu.externaltools.gnu-tools-for-stm32.13.3.rel1.win32_1.0.0.202411081344/tools/bin/../lib/gcc/arm-none-eabi/13.3.1/../../../../arm-none-eabi/lib/thumb/v6-m/nofp\libg.a(libc_a-malloc.o)
                              CMakeFiles/FortressKey.dir/C_/Users/HP/OneDrive/Desktop/FortressKey/pico-sdk/src/rp2_common/pico_malloc/malloc.c.obj (malloc)
C:/ST/STM32CubeIDE_1.18.1/STM32CubeIDE/plugins/com.st.stm32cube.ide.mcu.externaltools.gnu-tools-for-stm32.13.3.rel1.win32_1.0.0.202411081344/tools/bin/../lib/gcc/arm-none-eabi/13.3.1/../../../../arm-none-eabi/lib/thumb/v6-m/nofp\libg.a(libc_a-mallocr.o)
                              C:/ST/STM32CubeIDE_1.18.1/STM32CubeIDE/plugins/com.st.stm32cube.ide.mcu.externaltools.gnu-tools-for-stm32.13.3.rel1.win32_1.0.0.202411081344/tools/bin/../lib/gcc/arm-none-eabi/13.3.1/../../../../arm-none-eabi/lib/thumb/v6-m/nofp\libg.a(libc_a-callocr.o) (_malloc_r)
C:/ST/STM32CubeIDE_1.18.1/STM32CubeIDE/plugins/com.st.stm32cube.ide.mcu.externaltools.gnu-tools-for-stm32.13.3.rel1.win32_1.0.0.202411081344/tools/bin/../lib/gcc/arm-none-eabi/13.3.1/../../../../arm-none-eabi/lib/thumb/v6-m/nofp\libg.a(libc_a-mlock.o)
                              C:/ST/STM32CubeIDE_1.18.1/STM32CubeIDE/plugins/com.st.stm32cube.ide.mcu.externaltools.gnu-tools-for-stm32.13.3.rel1.win32_1.0.0.202411081344/tools/bin/../lib/gcc/arm-none-eabi/13.3.1/../../../../arm-none-eabi/lib/thumb/v6-m/nofp\libg.a(libc_a-mallocr.o) (__malloc_lock)
C:/ST/STM32CubeIDE_1.18.1/STM32CubeIDE/plugins/com.st.stm32cube.ide.mcu.externaltools.gnu-tools-for-stm32.13.3.rel1.win32_1.0.0.202411081344/tools/bin/../lib/gcc/arm-none-eabi/13.3.1/../../../../arm-none-eabi/lib/thumb/v6-m/nofp\libg.a(libc_a-realloc.o)
                              CMakeFiles/FortressKey.dir/C_/Users/HP/OneDrive/Desktop/FortressKey/pico-sdk/src/rp2_common/pico_malloc/malloc.c.obj (realloc)
C:/ST/STM32CubeIDE_1.18.1/STM32CubeIDE/plugins/com.st.stm32cube.ide.mcu.externaltools.gnu-tools-for-stm32.13.3.rel1.win32_1.0.0.202411081344/tools/bin/../lib/gcc/arm-none-eabi/13.3.1/../../../../arm-none-eabi/lib/thumb/v6-m/nofp\libg.a(libc_a-reallocr.o)
                              C:/ST/STM32CubeIDE_1.18.1/STM32CubeIDE/plugins/com.st.stm32cube.ide.mcu.externaltools.gnu-tools-for-stm32.13.3.rel1.win32_1.0.0.202411081344/tools/bin/../lib/gcc/arm-none-eabi/13.3.1/../../../../arm-none-eabi/lib/thumb/v6-m/nofp\libg.a(libc_a-realloc.o) (_realloc_r)
C:/ST/STM32CubeIDE_1.18.1/STM32CubeIDE/plugins/com.st.stm32cube.ide.mcu.externaltools.gnu-tools-for-stm32.13.3.rel1.win32_1.0.0.202411081344/tools/bin/../lib/gcc/arm-none-eabi/13.3.1/../../../../arm-none-eabi/lib/thumb/v6-m/nofp\libg.a(libc_a-memcmp.o)
                              CMakeFiles/FortressKey.dir/C_/Users/HP/OneDrive/Desktop/FortressKey/pico-sdk/src/rp2_common/pico_atomic/atomic.c.obj (memcmp)
C:/ST/STM32CubeIDE_1.18.1/STM32CubeIDE/plugins/com.st.stm32cube.ide.mcu.externaltools.gnu-tools-for-stm32.13.3.rel1.win32_1.0.0.202411081344/tools/bin/../lib/gcc/arm-none-eabi/13.3.1/../../../../arm-none-eabi/lib/thumb/v6-m/nofp\libg.a(libc_a-memmove.o)
                              C:/ST/STM32CubeIDE_1.18.1/STM32CubeIDE/plugins/com.st.stm32cube.ide.mcu.externaltools.gnu-tools-for-stm32.13.3.rel1.win32_1.0.0.202411081344/tools/bin/../lib/gcc/arm-none-eabi/13.3.1/../../../../arm-none-eabi/lib/thumb/v6-m/nofp\libg.a(libc_a-reallocr.o) (memmove)
[...]
Memory Configuration

Name             Origin             Length             Attributes
FLASH            0x10000000         0x00200000         xr
RAM              0x20000000         0x00040000         xrw
SCRATCH_X        0x20040000         0x00001000         xrw
SCRATCH_Y        0x20041000         0x00001000         xrw
*default*        0x00000000         0xffffffff

Linker script and memory map

LOAD C:/ST/STM32CubeIDE_1.18.1/STM32CubeIDE/plugins/com.st.stm32cube.ide.mcu.externaltools.gnu-tools-for-stm32.13.3.rel1.win32_1.0.0.202411081344/tools/bin/../lib/gcc/arm-none-eabi/13.3.1/thumb/v6-m/nofp/crti.o
LOAD C:/ST/STM32CubeIDE_1.18.1/STM32CubeIDE/plugins/com.st.stm32cube.ide.mcu.externaltools.gnu-tools-for-stm32.13.3.rel1.win32_1.0.0.202411081344/tools/bin/../lib/gcc/arm-none-eabi/13.3.1/thumb/v6-m/nofp/crtbegin.o
LOAD C:/ST/STM32CubeIDE_1.18.1/STM32CubeIDE/plugins/com.st.stm32cube.ide.mcu.externaltools.gnu-tools-for-stm32.13.3.rel1.win32_1.0.0.202411081344/tools/bin/../lib/gcc/arm-none-eabi/13.3.1/../../../../arm-none-eabi/lib/thumb/v6-m/nofp/crt0.o

.flash_begin    0x10000000        0x0
                0x10000000                        __flash_binary_start = .

.boot2          0x10000000      0x100
                0x10000000                        __boot2_start__ = .
 *(.boot2)
 .boot2         0x10000000      0x100 pico-sdk\src\rp2040\boot_stage2\CMakeFiles\bs2_default_library.dir\bs2_default_padded_checksummed.S.obj
                0x10000100                        __boot2_end__ = .
                0x00000001                        ASSERT (((__boot2_end__ - __boot2_start__) == 0x100), ERROR: Pico second stage bootloader must be 256 bytes in size)

.text           0x10000100     0x6b3c
                0x10000100                        __logical_binary_start = .
 *(.vectors)
 .vectors       0x10000100       0xd4 CMakeFiles/FortressKey.dir/C_/Users/HP/OneDrive/Desktop/FortressKey/pico-sdk/src/rp2_common/pico_crt0/crt0.S.obj
                0x10000100                __VECTOR_TABLE
                0x10000100                __vectors
                0x100001c0                isr_irq13
                0x100001c0                isr_irq27
                0x100001c0                isr_irq31
                0x100001c0                isr_irq12
                0x100001c0                isr_irq5
                0x100001c0                isr_irq11
                0x100001c0                isr_irq3
                0x100001c0                isr_irq23
                0x100001c0                __unhandled_user_irq
                0x100001c0                isr_irq26
                0x100001c0                isr_irq28
                0x100001c0                isr_irq19
                0x100001c0                isr_irq0
                0x100001c0                isr_irq6
                0x100001c0                isr_irq29
                0x100001c0                isr_irq16
                0x100001c0                isr_irq22
                0x100001c0                isr_irq18
                0x100001c0                isr_irq17
                0x100001c0                isr_irq14
                0x100001c0                __vectors_end
                0x100001c0                __default_isrs_start
                0x100001c0                isr_irq2
                0x100001c0                isr_irq10
                0x100001c0                isr_irq8
                0x100001c0                isr_irq24
                0x100001c0                isr_irq1
                0x100001c0                isr_irq7
                0x100001c0                isr_irq21
                0x100001c0                isr_irq20
                0x100001c0                isr_irq15
                0x100001c0                isr_irq25
                0x100001c0                isr_irq4
                0x100001c0                isr_irq30
                0x100001c0                isr_irq9
                0x100001c6                unhandled_user_irq_num_in_r0
                0x100001c8                isr_invalid
                0x100001ca                isr_nmi
                0x100001cc                isr_hardfault
                0x100001ce                isr_svcall
                0x100001d0                isr_pendsv
                0x100001d2                isr_systick
                0x100001d4                __default_isrs_end
 *(.binary_info_header)
 .binary_info_header
                0x100001d4       0x14 CMakeFiles/FortressKey.dir/C_/Users/HP/OneDrive/Desktop/FortressKey/pico-sdk/src/rp2_common/pico_crt0/crt0.S.obj
                0x100001e8                        __binary_info_header_end = .
 *(.embedded_block)
                0x100001e8                        __embedded_block_end = .
 *(.reset)
 .reset         0x100001e8       0x9c CMakeFiles/FortressKey.dir/C_/Users/HP/OneDrive/Desktop/FortressKey/pico-sdk/src/rp2_common/pico_crt0/crt0.S.obj
                0x100001e8                _entry_point
 *(.init)
 .init          0x10000284        0x4 C:/ST/STM32CubeIDE_1.18.1/STM32CubeIDE/plugins/com.st.stm32cube.ide.mcu.externaltools.gnu-tools-for-stm32.13.3.rel1.win32_1.0.0.202411081344/tools/bin/../lib/gcc/arm-none-eabi/13.3.1/thumb/v6-m/nofp/crti.o
                0x10000284                _init
 *(EXCLUDE_FILE(*libm.a: *libc.a:*lib_a-mem*.o *libgcc.a:) .text*)
 .text          0x10000288       0x48 C:/ST/STM32CubeIDE_1.18.1/STM32CubeIDE/plugins/com.st.stm32cube.ide.mcu.externaltools.gnu-tools-for-stm32.13.3.rel1.win32_1.0.0.202411081344/tools/bin/../lib/gcc/arm-none-eabi/13.3.1/thumb/v6-m/nofp/crtbegin.o
 .text._Z11save_secret11SecretEntry
                0x100002d0       0x50 CMakeFiles/FortressKey.dir/main.cpp.obj
                0x100002d0                save_secret(SecretEntry)
 .text.startup.main
                0x10000320       0x4c CMakeFiles/FortressKey.dir/main.cpp.obj
                0x10000320                main
 .text.rp2040_chip_version
                0x1000036c        0xc CMakeFiles/FortressKey.dir/C_/Users/HP/OneDrive/Desktop/FortressKey/pico-sdk/src/rp2040/pico_platform/platform.c.obj
                0x1000036c                rp2040_chip_version
 .text.panic    0x10000378       0x30 CMakeFiles/FortressKey.dir/C_/Users/HP/OneDrive/Desktop/FortressKey/pico-sdk/src/rp2_common/pico_platform_panic/panic.c.obj
                0x10000378                panic
 .text.hw_claim_or_assert
                0x100003a8       0x44 CMakeFiles/FortressKey.dir/C_/Users/HP/OneDrive/Desktop/FortressKey/pico-sdk/src/common/hardware_claim/claim.c.obj
                0x100003a8                hw_claim_or_assert
 .text.hw_claim_unused_from_range
                0x100003ec       0x9c CMakeFiles/FortressKey.dir/C_/Users/HP/OneDrive/Desktop/FortressKey/pico-sdk/src/common/hardware_claim/claim.c.obj
                0x100003ec                hw_claim_unused_from_range
 .text.next_striped_spin_lock_num
                0x10000488       0x18 CMakeFiles/FortressKey.dir/C_/Users/HP/OneDrive/Desktop/FortressKey/pico-sdk/src/rp2_common/hardware_sync/sync.c.obj
                0x10000488                next_striped_spin_lock_num
 .text.spin_lock_claim_unused
                0x100004a0       0x24 CMakeFiles/FortressKey.dir/C_/Users/HP/OneDrive/Desktop/FortressKey/pico-sdk/src/rp2_common/hardware_sync/sync.c.obj
                0x100004a0                spin_lock_claim_unused
 .text.spin_locks_reset
                0x100004c4       0x1c CMakeFiles/FortressKey.dir/C_/Users/HP/OneDrive/Desktop/FortressKey/pico-sdk/src/rp2_common/hardware_sync_spin_lock/sync_spin_lock.c.obj
                0x100004c4                spin_locks_reset
 .text.runtime_init_per_core_irq_priorities
                0x100004e0       0x24 CMakeFiles/FortressKey.dir/C_/Users/HP/OneDrive/Desktop/FortressKey/pico-sdk/src/rp2_common/hardware_irq/irq.c.obj
                0x100004e0                runtime_init_per_core_irq_priorities
 .text.irq_set_enabled
                0x10000504       0x24 CMakeFiles/FortressKey.dir/C_/Users/HP/OneDrive/Desktop/FortressKey/pico-sdk/src/rp2_common/hardware_irq/irq.c.obj
                0x10000504                irq_set_enabled
 .text.irq_is_enabled
                0x10000528       0x18 CMakeFiles/FortressKey.dir/C_/Users/HP/OneDrive/Desktop/FortressKey/pico-sdk/src/rp2_common/hardware_irq/irq.c.obj
                0x10000528                irq_is_enabled
 .text.irq_set_pending
                0x10000540       0x10 CMakeFiles/FortressKey.dir/C_/Users/HP/OneDrive/Desktop/FortressKey/pico-sdk/src/rp2_common/hardware_irq/irq.c.obj
                0x10000540                irq_set_pending
 .text.irq_has_shared_handler
                0x10000550       0x24 CMakeFiles/FortressKey.dir/C_/Users/HP/OneDrive/Desktop/FortressKey/pico-sdk/src/rp2_common/hardware_irq/irq.c.obj
                0x10000550                irq_has_shared_handler
 .text.irq_set_exclusive_handler
                0x10000574       0x54 CMakeFiles/FortressKey.dir/C_/Users/HP/OneDrive/Desktop/FortressKey/pico-sdk/src/rp2_common/hardware_irq/irq.c.obj
                0x10000574                irq_set_exclusive_handler
 .text.irq_add_shared_handler
                0x100005c8      0x1f4 CMakeFiles/FortressKey.dir/C_/Users/HP/OneDrive/Desktop/FortressKey/pico-sdk/src/rp2_common/hardware_irq/irq.c.obj
                0x100005c8                irq_add_shared_handler
 .text.irq_add_tail_to_free_list
                0x100007bc       0xb4 CMakeFiles/FortressKey.dir/C_/Users/HP/OneDrive/Desktop/FortressKey/pico-sdk/src/rp2_common/hardware_irq/irq.c.obj
                0x100007bc                irq_add_tail_to_free_list
 .text.user_irq_claim_unused
                0x10000870       0x2c CMakeFiles/FortressKey.dir/C_/Users/HP/OneDrive/Desktop/FortressKey/pico-sdk/src/rp2_common/hardware_irq/irq.c.obj
                0x10000870                user_irq_claim_unused
 .text.lock_init
                0x1000089c       0x10 CMakeFiles/FortressKey.dir/C_/Users/HP/OneDrive/Desktop/FortressKey/pico-sdk/src/common/pico_sync/lock_core.c.obj
                0x1000089c                lock_init
 .text.runtime_init_mutex
                0x100008ac       0x50 CMakeFiles/FortressKey.dir/C_/Users/HP/OneDrive/Desktop/FortressKey/pico-sdk/src/common/pico_sync/mutex.c.obj
                0x100008ac                runtime_init_mutex
 .text.mutex_init
                0x100008fc       0x1c CMakeFiles/FortressKey.dir/C_/Users/HP/OneDrive/Desktop/FortressKey/pico-sdk/src/common/pico_sync/mutex.c.obj
                0x100008fc                mutex_init
 .text.critical_section_init
                0x10000918       0x1c CMakeFiles/FortressKey.dir/C_/Users/HP/OneDrive/Desktop/FortressKey/pico-sdk/src/common/pico_sync/critical_section.c.obj
                0x10000918                critical_section_init
 .text.critical_section_init_with_lock_num
                0x10000934       0x14 CMakeFiles/FortressKey.dir/C_/Users/HP/OneDrive/Desktop/FortressKey/pico-sdk/src/common/pico_sync/critical_section.c.obj
                0x10000934                critical_section_init_with_lock_num
 .text.sleep_until_callback
                0x10000948       0x30 CMakeFiles/FortressKey.dir/C_/Users/HP/OneDrive/Desktop/FortressKey/pico-sdk/src/common/pico_time/time.c.obj
 .text.alarm_pool_irq_handler
                0x10000978      0x2fc CMakeFiles/FortressKey.dir/C_/Users/HP/OneDrive/Desktop/FortressKey/pico-sdk/src/common/pico_time/time.c.obj
 .text.runtime_init_default_alarm_pool
                0x10000c74       0xdc CMakeFiles/FortressKey.dir/C_/Users/HP/OneDrive/Desktop/FortressKey/pico-sdk/src/common/pico_time/time.c.obj
                0x10000c74                runtime_init_default_alarm_pool
 .text.alarm_pool_get_default
                0x10000d50        0x8 CMakeFiles/FortressKey.dir/C_/Users/HP/OneDrive/Desktop/FortressKey/pico-sdk/src/common/pico_time/time.c.obj
                0x10000d50                alarm_pool_get_default
 .text.alarm_pool_add_alarm_at
                0x10000d58       0xd4 CMakeFiles/FortressKey.dir/C_/Users/HP/OneDrive/Desktop/FortressKey/pico-sdk/src/common/pico_time/time.c.obj
                0x10000d58                alarm_pool_add_alarm_at
 .text.alarm_pool_add_alarm_at_force_in_context
                0x10000e2c       0xb0 CMakeFiles/FortressKey.dir/C_/Users/HP/OneDrive/Desktop/FortressKey/pico-sdk/src/common/pico_time/time.c.obj
                0x10000e2c                alarm_pool_add_alarm_at_force_in_context
 .text.alarm_pool_cancel_alarm
                0x10000edc       0x74 CMakeFiles/FortressKey.dir/C_/Users/HP/OneDrive/Desktop/FortressKey/pico-sdk/src/common/pico_time/time.c.obj
                0x10000edc                alarm_pool_cancel_alarm
 .text.alarm_pool_core_num
                0x10000f50        0x4 CMakeFiles/FortressKey.dir/C_/Users/HP/OneDrive/Desktop/FortressKey/pico-sdk/src/common/pico_time/time.c.obj
                0x10000f50                alarm_pool_core_num
 .text.sleep_ms
                0x10000f54      0x104 CMakeFiles/FortressKey.dir/C_/Users/HP/OneDrive/Desktop/FortressKey/pico-sdk/src/common/pico_time/time.c.obj
                0x10000f54                sleep_ms
 .text.best_effort_wfe_or_timeout
                0x10001058       0xf8 CMakeFiles/FortressKey.dir/C_/Users/HP/OneDrive/Desktop/FortressKey/pico-sdk/src/common/pico_time/time.c.obj
                0x10001058                best_effort_wfe_or_timeout
 .text.timer_hardware_alarm_claim
                0x10001150       0x14 CMakeFiles/FortressKey.dir/C_/Users/HP/OneDrive/Desktop/FortressKey/pico-sdk/src/rp2_common/hardware_timer/timer.c.obj
                0x10001150                timer_hardware_alarm_claim
 .text.timer_time_us_64
                0x10001164       0x10 CMakeFiles/FortressKey.dir/C_/Users/HP/OneDrive/Desktop/FortressKey/pico-sdk/src/rp2_common/hardware_timer/timer.c.obj
                0x10001164                timer_time_us_64
 .text.time_us_64
                0x10001174       0x14 CMakeFiles/FortressKey.dir/C_/Users/HP/OneDrive/Desktop/FortressKey/pico-sdk/src/rp2_common/hardware_timer/timer.c.obj
                0x10001174                time_us_64
 .text.busy_wait_until
                0x10001188       0x20 CMakeFiles/FortressKey.dir/C_/Users/HP/OneDrive/Desktop/FortressKey/pico-sdk/src/rp2_common/hardware_timer/timer.c.obj
                0x10001188                busy_wait_until
 .text.clock_configure_int_divider
                0x100011a8       0xf4 CMakeFiles/FortressKey.dir/C_/Users/HP/OneDrive/Desktop/FortressKey/pico-sdk/src/rp2_common/hardware_clocks/clocks.c.obj
                0x100011a8                clock_configure_int_divider
 .text.clock_configure_undivided
                0x1000129c       0xe8 CMakeFiles/FortressKey.dir/C_/Users/HP/OneDrive/Desktop/FortressKey/pico-sdk/src/rp2_common/hardware_clocks/clocks.c.obj
                0x1000129c                clock_configure_undivided
 .text.clock_get_hz
                0x10001384        0xc CMakeFiles/FortressKey.dir/C_/Users/HP/OneDrive/Desktop/FortressKey/pico-sdk/src/rp2_common/hardware_clocks/clocks.c.obj
                0x10001384                clock_get_hz
 .text.pll_init
                0x10001390       0xa4 CMakeFiles/FortressKey.dir/C_/Users/HP/OneDrive/Desktop/FortressKey/pico-sdk/src/rp2_common/hardware_pll/pll.c.obj
                0x10001390                pll_init
 .text.watchdog_reboot
                0x10001434       0x9c CMakeFiles/FortressKey.dir/C_/Users/HP/OneDrive/Desktop/FortressKey/pico-sdk/src/rp2_common/hardware_watchdog/watchdog.c.obj
                0x10001434                watchdog_reboot
 .text.tick_start
                0x100014d0       0x10 CMakeFiles/FortressKey.dir/C_/Users/HP/OneDrive/Desktop/FortressKey/pico-sdk/src/rp2_common/hardware_ticks/ticks.c.obj
                0x100014d0                tick_start
 .text.rom_func_lookup
                0x100014e0       0x10 CMakeFiles/FortressKey.dir/C_/Users/HP/OneDrive/Desktop/FortressKey/pico-sdk/src/rp2_common/pico_bootrom/bootrom.c.obj
                0x100014e0                rom_func_lookup
 .text.rom_data_lookup
                0x100014f0       0x10 CMakeFiles/FortressKey.dir/C_/Users/HP/OneDrive/Desktop/FortressKey/pico-sdk/src/rp2_common/pico_bootrom/bootrom.c.obj
                0x100014f0                rom_data_lookup
 .text.rom_funcs_lookup
                0x10001500       0x44 CMakeFiles/FortressKey.dir/C_/Users/HP/OneDrive/Desktop/FortressKey/pico-sdk/src/rp2_common/pico_bootrom/bootrom.c.obj
                0x10001500                rom_funcs_lookup
 .text.rom_reset_usb_boot_extra
                0x10001544       0x28 CMakeFiles/FortressKey.dir/C_/Users/HP/OneDrive/Desktop/FortressKey/pico-sdk/src/rp2_common/pico_bootrom/bootrom.c.obj
                0x10001544                rom_reset_usb_boot_extra
 .text.xosc_init
                0x1000156c       0x28 CMakeFiles/FortressKey.dir/C_/Users/HP/OneDrive/Desktop/FortressKey/pico-sdk/src/rp2_common/hardware_xosc/xosc.c.obj
                0x1000156c                xosc_init
 .text.first_per_core_initializer
                0x10001594        0x4 CMakeFiles/FortressKey.dir/C_/Users/HP/OneDrive/Desktop/FortressKey/pico-sdk/src/rp2_common/pico_runtime/runtime.c.obj
 .text.hard_assertion_failure
                0x10001598        0xc CMakeFiles/FortressKey.dir/C_/Users/HP/OneDrive/Desktop/FortressKey/pico-sdk/src/rp2_common/pico_runtime/runtime.c.obj
                0x10001598                hard_assertion_failure
 .text.runtime_run_initializers
                0x100015a4       0x28 CMakeFiles/FortressKey.dir/C_/Users/HP/OneDrive/Desktop/FortressKey/pico-sdk/src/rp2_common/pico_runtime/runtime.c.obj
                0x100015a4                runtime_run_initializers
 .text.runtime_init_early_resets
                0x100015cc       0x2c CMakeFiles/FortressKey.dir/C_/Users/HP/OneDrive/Desktop/FortressKey/pico-sdk/src/rp2_common/pico_runtime_init/runtime_init.c.obj
                0x100015cc                runtime_init_early_resets
 .text.runtime_init_usb_power_down
                0x100015f8       0x1c CMakeFiles/FortressKey.dir/C_/Users/HP/OneDrive/Desktop/FortressKey/pico-sdk/src/rp2_common/pico_runtime_init/runtime_init.c.obj
                0x100015f8                runtime_init_usb_power_down
 .text.runtime_init_post_clock_resets
                0x10001614       0x20 CMakeFiles/FortressKey.dir/C_/Users/HP/OneDrive/Desktop/FortressKey/pico-sdk/src/rp2_common/pico_runtime_init/runtime_init.c.obj
                0x10001614                runtime_init_post_clock_resets
 .text.runtime_init_rp2040_gpio_ie_disable
                0x10001634       0x14 CMakeFiles/FortressKey.dir/C_/Users/HP/OneDrive/Desktop/FortressKey/pico-sdk/src/rp2_common/pico_runtime_init/runtime_init.c.obj
                0x10001634                runtime_init_rp2040_gpio_ie_disable
 .text.runtime_init_spin_locks_reset
                0x10001648        0x8 CMakeFiles/FortressKey.dir/C_/Users/HP/OneDrive/Desktop/FortressKey/pico-sdk/src/rp2_common/pico_runtime_init/runtime_init.c.obj
                0x10001648                runtime_init_spin_locks_reset
 .text.runtime_init_install_ram_vector_table
                0x10001650       0xb4 CMakeFiles/FortressKey.dir/C_/Users/HP/OneDrive/Desktop/FortressKey/pico-sdk/src/rp2_common/pico_runtime_init/runtime_init.c.obj
                0x10001650                runtime_init_install_ram_vector_table
 .text.runtime_init_clocks
                0x10001704       0xd8 CMakeFiles/FortressKey.dir/C_/Users/HP/OneDrive/Desktop/FortressKey/pico-sdk/src/rp2_common/pico_runtime_init/runtime_init_clocks.c.obj
                0x10001704                runtime_init_clocks
 .text          0x100017dc       0x10 CMakeFiles/FortressKey.dir/C_/Users/HP/OneDrive/Desktop/FortressKey/pico-sdk/src/rp2_common/pico_bit_ops/bit_ops_aeabi.S.obj
 .text.__wrap___aeabi_idiv
                0x100017ec       0x50 CMakeFiles/FortressKey.dir/C_/Users/HP/OneDrive/Desktop/FortressKey/pico-sdk/src/rp2_common/pico_divider/divider_hardware.S.obj
                0x100017ec                __wrap___aeabi_idivmod
                0x100017ec                divmod_s32s32
                0x100017ec                div_s32s32
                0x100017ec                __wrap___aeabi_idiv
                0x100017f4                divmod_s32s32_unsafe
                0x10001820                divmod_s32s32_savestate
 .text.__wrap___aeabi_uidiv
                0x1000183c       0x4c CMakeFiles/FortressKey.dir/C_/Users/HP/OneDrive/Desktop/FortressKey/pico-sdk/src/rp2_common/pico_divider/divider_hardware.S.obj
                0x1000183c                __wrap___aeabi_uidiv
                0x1000183c                __wrap___aeabi_uidivmod
                0x1000183c                div_u32u32
                0x1000183c                divmod_u32u32
                0x10001844                divmod_u32u32_unsafe
                0x1000186c                divmod_u32u32_savestate
 .text.__wrap___aeabi_ldiv
                0x10001888      0x424 CMakeFiles/FortressKey.dir/C_/Users/HP/OneDrive/Desktop/FortressKey/pico-sdk/src/rp2_common/pico_divider/divider_hardware.S.obj
                0x10001888                div_s64s64
                0x10001888                divmod_s64s64
                0x10001888                __wrap___aeabi_ldivmod
                0x100018b8                divmod_u64u64
                0x100018b8                div_u64u64
                0x100018b8                __wrap___aeabi_uldivmod
                0x100018c8                divmod_u64u64_savestate
                0x100018e8                divmod_s64s64_unsafe
                0x10001970                divmod_u64u64_unsafe
 .text.__wrap___aeabi_darithmetic
                0x10001cac       0x80 CMakeFiles/FortressKey.dir/C_/Users/HP/OneDrive/Desktop/FortressKey/pico-sdk/src/rp2_common/pico_double/double_aeabi_rp2040.S.obj
                0x10001cac                __wrap___aeabi_drsub
                0x10001cb2                __wrap___aeabi_dsub
                0x10001cc4                __wrap___aeabi_dadd
                0x10001cd6                __wrap___aeabi_ddiv
                0x10001d12                __wrap___aeabi_dmul
 .text.__wrap___aeabi_cdcmple
                0x10001d2c       0x6c CMakeFiles/FortressKey.dir/C_/Users/HP/OneDrive/Desktop/FortressKey/pico-sdk/src/rp2_common/pico_double/double_aeabi_rp2040.S.obj
                0x10001d2c                __wrap___aeabi_cdrcmple
                0x10001d3c                __wrap___aeabi_cdcmpeq
                0x10001d3c                __wrap___aeabi_cdcmple
 .text.__wrap___aeabi_dcmplt
                0x10001d98        0xc CMakeFiles/FortressKey.dir/C_/Users/HP/OneDrive/Desktop/FortressKey/pico-sdk/src/rp2_common/pico_double/double_aeabi_rp2040.S.obj
                0x10001d98                __wrap___aeabi_dcmplt
 .text.__wrap___aeabi_dcmpge
                0x10001da4       0x10 CMakeFiles/FortressKey.dir/C_/Users/HP/OneDrive/Desktop/FortressKey/pico-sdk/src/rp2_common/pico_double/double_aeabi_rp2040.S.obj
                0x10001da4                __wrap___aeabi_dcmpge
 .text.__wrap___aeabi_dcmpgt
                0x10001db4        0xa CMakeFiles/FortressKey.dir/C_/Users/HP/OneDrive/Desktop/FortressKey/pico-sdk/src/rp2_common/pico_double/double_aeabi_rp2040.S.obj
                0x10001db4                __wrap___aeabi_dcmpgt
 .text.__wrap___aeabi_dcmpun
                0x10001dbe       0x18 CMakeFiles/FortressKey.dir/C_/Users/HP/OneDrive/Desktop/FortressKey/pico-sdk/src/rp2_common/pico_double/double_aeabi_rp2040.S.obj
                0x10001dbe                __wrap___aeabi_dcmpun
 *fill*         0x10001dd6        0x2 
 .text.__wrap___aeabi_i2d
                0x10001dd8       0x38 CMakeFiles/FortressKey.dir/C_/Users/HP/OneDrive/Desktop/FortressKey/pico-sdk/src/rp2_common/pico_double/double_aeabi_rp2040.S.obj
                0x10001dd8                uint2double
                0x10001dd8                __wrap___aeabi_ui2d
                0x10001de0                int2double
                0x10001de0                __wrap___aeabi_i2d
 .text.__wrap___aeabi_d2iz
                0x10001e10       0x48 CMakeFiles/FortressKey.dir/C_/Users/HP/OneDrive/Desktop/FortressKey/pico-sdk/src/rp2_common/pico_double/double_aeabi_rp2040.S.obj
                0x10001e10                double2int_z
                0x10001e10                __wrap___aeabi_d2iz
 .text.__wrap___aeabi_d2uiz
                0x10001e58       0x18 CMakeFiles/FortressKey.dir/C_/Users/HP/OneDrive/Desktop/FortressKey/pico-sdk/src/rp2_common/pico_double/double_aeabi_rp2040.S.obj
                0x10001e58                double2uint
                0x10001e58                __wrap___aeabi_d2uiz
                0x10001e58                double2uint_z
 .text.__aeabi_double_init
                0x10001e70       0xa4 CMakeFiles/FortressKey.dir/C_/Users/HP/OneDrive/Desktop/FortressKey/pico-sdk/src/rp2_common/pico_double/double_init_rom_rp2040.c.obj
                0x10001e70                __aeabi_double_init
 .text.double_table_shim_on_use_helper
                0x10001f14       0x2c CMakeFiles/FortressKey.dir/C_/Users/HP/OneDrive/Desktop/FortressKey/pico-sdk/src/rp2_common/pico_double/double_v1_rom_shim_rp2040.S.obj
                0x10001f14                double_table_shim_on_use_helper
 .text.__wrap___aeabi_dsub
                0x10001f40       0x10 CMakeFiles/FortressKey.dir/C_/Users/HP/OneDrive/Desktop/FortressKey/pico-sdk/src/rp2_common/pico_double/double_v1_rom_shim_rp2040.S.obj
                0x10001f40                drsub_shim
                0x10001f46                dsub_shim
 .text.dadd_shim
                0x10001f50      0x15c CMakeFiles/FortressKey.dir/C_/Users/HP/OneDrive/Desktop/FortressKey/pico-sdk/src/rp2_common/pico_double/double_v1_rom_shim_rp2040.S.obj
                0x10001f50                dadd_shim
 .text.dmul_shim
                0x100020ac      0x15c CMakeFiles/FortressKey.dir/C_/Users/HP/OneDrive/Desktop/FortressKey/pico-sdk/src/rp2_common/pico_double/double_v1_rom_shim_rp2040.S.obj
                0x100020ac                dmul_shim
 .text.ddiv_shim
                0x10002208      0x1b0 CMakeFiles/FortressKey.dir/C_/Users/HP/OneDrive/Desktop/FortressKey/pico-sdk/src/rp2_common/pico_double/double_v1_rom_shim_rp2040.S.obj
                0x10002208                ddiv_shim
 .text.double2uint_shim
                0x100023b8        0xe CMakeFiles/FortressKey.dir/C_/Users/HP/OneDrive/Desktop/FortressKey/pico-sdk/src/rp2_common/pico_double/double_v1_rom_shim_rp2040.S.obj
                0x100023b8                double2uint_shim
                0x100023ba                double2ufix_shim
 *fill*         0x100023c6        0x2 
 .text.double2uint64_shim
                0x100023c8       0x70 CMakeFiles/FortressKey.dir/C_/Users/HP/OneDrive/Desktop/FortressKey/pico-sdk/src/rp2_common/pico_double/double_v1_rom_shim_rp2040.S.obj
                0x100023c8                double2uint64_shim
                0x100023ca                double2ufix64_shim
                0x100023ea                d2fix_a
 .text.dunpacks
                0x10002438       0x3c CMakeFiles/FortressKey.dir/C_/Users/HP/OneDrive/Desktop/FortressKey/pico-sdk/src/rp2_common/pico_double/double_v1_rom_shim_rp2040.S.obj
                0x10002438                dunpacks
 .text.__aeabi_lmul
                0x10002474       0x32 CMakeFiles/FortressKey.dir/C_/Users/HP/OneDrive/Desktop/FortressKey/pico-sdk/src/rp2_common/pico_int64_ops/pico_int64_ops_aeabi.S.obj
                0x10002474                __wrap___aeabi_lmul
 *fill*         0x100024a6        0x2 
 .text.__aeabi_float_init
                0x100024a8       0x64 CMakeFiles/FortressKey.dir/C_/Users/HP/OneDrive/Desktop/FortressKey/pico-sdk/src/rp2_common/pico_float/float_init_rom_rp2040.c.obj
                0x100024a8                __aeabi_float_init
 .text.float_table_shim_on_use_helper
                0x1000250c       0x2c CMakeFiles/FortressKey.dir/C_/Users/HP/OneDrive/Desktop/FortressKey/pico-sdk/src/rp2_common/pico_float/float_v1_rom_shim_rp2040.S.obj
                0x1000250c                float_table_shim_on_use_helper
 .text          0x10002538       0x10 CMakeFiles/FortressKey.dir/C_/Users/HP/OneDrive/Desktop/FortressKey/pico-sdk/src/rp2_common/pico_mem_ops/mem_ops_aeabi.S.obj
                0x10002538                __aeabi_mem_init
 .text.memset   0x10002548        0xc CMakeFiles/FortressKey.dir/C_/Users/HP/OneDrive/Desktop/FortressKey/pico-sdk/src/rp2_common/pico_mem_ops/mem_ops_aeabi.S.obj
                0x10002548                __wrap_memset
 .text.memcpy   0x10002554        0xc CMakeFiles/FortressKey.dir/C_/Users/HP/OneDrive/Desktop/FortressKey/pico-sdk/src/rp2_common/pico_mem_ops/mem_ops_aeabi.S.obj
                0x10002554                __wrap_memcpy
                0x10002554                __wrap___aeabi_memcpy
 .text._out_null
                0x10002560        0x4 CMakeFiles/FortressKey.dir/C_/Users/HP/OneDrive/Desktop/FortressKey/pico-sdk/src/rp2_common/pico_printf/printf.c.obj
 .text._out_rev
                0x10002564       0xac CMakeFiles/FortressKey.dir/C_/Users/HP/OneDrive/Desktop/FortressKey/pico-sdk/src/rp2_common/pico_printf/printf.c.obj
 .text._ntoa_format
                0x10002610      0x2cc CMakeFiles/FortressKey.dir/C_/Users/HP/OneDrive/Desktop/FortressKey/pico-sdk/src/rp2_common/pico_printf/printf.c.obj
 .text._out_char
                0x100028dc       0x10 CMakeFiles/FortressKey.dir/C_/Users/HP/OneDrive/Desktop/FortressKey/pico-sdk/src/rp2_common/pico_printf/printf.c.obj
 .text._out_fct
                0x100028ec       0x10 CMakeFiles/FortressKey.dir/C_/Users/HP/OneDrive/Desktop/FortressKey/pico-sdk/src/rp2_common/pico_printf/printf.c.obj
 .text._etoa    0x100028fc      0x5c4 CMakeFiles/FortressKey.dir/C_/Users/HP/OneDrive/Desktop/FortressKey/pico-sdk/src/rp2_common/pico_printf/printf.c.obj
 .text._ftoa    0x10002ec0      0x3fc CMakeFiles/FortressKey.dir/C_/Users/HP/OneDrive/Desktop/FortressKey/pico-sdk/src/rp2_common/pico_printf/printf.c.obj
 .text._vsnprintf
                0x100032bc      0xbd0 CMakeFiles/FortressKey.dir/C_/Users/HP/OneDrive/Desktop/FortressKey/pico-sdk/src/rp2_common/pico_printf/printf.c.obj
 .text.vfctprintf
                0x10003e8c       0x20 CMakeFiles/FortressKey.dir/C_/Users/HP/OneDrive/Desktop/FortressKey/pico-sdk/src/rp2_common/pico_printf/printf.c.obj
                0x10003e8c                vfctprintf
 .text.weak_raw_vprintf
                0x10003eac       0x30 CMakeFiles/FortressKey.dir/C_/Users/HP/OneDrive/Desktop/FortressKey/pico-sdk/src/rp2_common/pico_printf/printf.c.obj
                0x10003eac                weak_raw_vprintf
 .text._exit    0x10003edc        0x4 CMakeFiles/FortressKey.dir/C_/Users/HP/OneDrive/Desktop/FortressKey/pico-sdk/src/rp2_common/pico_clib_interface/newlib_interface.c.obj
                0x10003edc                _exit
 .text.exit     0x10003ee0        0x8 CMakeFiles/FortressKey.dir/C_/Users/HP/OneDrive/Desktop/FortressKey/pico-sdk/src/rp2_common/pico_clib_interface/newlib_interface.c.obj
                0x10003ee0                exit
 .text.runtime_init
                0x10003ee8       0x2c CMakeFiles/FortressKey.dir/C_/Users/HP/OneDrive/Desktop/FortressKey/pico-sdk/src/rp2_common/pico_clib_interface/newlib_interface.c.obj
                0x10003ee8                runtime_init
 .text.stdio_out_chars_no_crlf
                0x10003f14       0x10 CMakeFiles/FortressKey.dir/C_/Users/HP/OneDrive/Desktop/FortressKey/pico-sdk/src/rp2_common/pico_stdio/stdio.c.obj
 .text.stdio_out_chars_crlf
                0x10003f24       0xa8 CMakeFiles/FortressKey.dir/C_/Users/HP/OneDrive/Desktop/FortressKey/pico-sdk/src/rp2_common/pico_stdio/stdio.c.obj
 .text.stdio_buffered_printer
                0x10003fcc       0x64 CMakeFiles/FortressKey.dir/C_/Users/HP/OneDrive/Desktop/FortressKey/pico-sdk/src/rp2_common/pico_stdio/stdio.c.obj
 .text.stdio_put_string
                0x10004030      0x100 CMakeFiles/FortressKey.dir/C_/Users/HP/OneDrive/Desktop/FortressKey/pico-sdk/src/rp2_common/pico_stdio/stdio.c.obj
                0x10004030                stdio_put_string
 .text.stdio_set_driver_enabled
                0x10004130       0x30 CMakeFiles/FortressKey.dir/C_/Users/HP/OneDrive/Desktop/FortressKey/pico-sdk/src/rp2_common/pico_stdio/stdio.c.obj
                0x10004130                stdio_set_driver_enabled
 .text.stdio_init_all
                0x10004160        0x8 CMakeFiles/FortressKey.dir/C_/Users/HP/OneDrive/Desktop/FortressKey/pico-sdk/src/rp2_common/pico_stdio/stdio.c.obj
                0x10004160                stdio_init_all
 .text.__wrap_putchar
                0x10004168       0x98 CMakeFiles/FortressKey.dir/C_/Users/HP/OneDrive/Desktop/FortressKey/pico-sdk/src/rp2_common/pico_stdio/stdio.c.obj
                0x10004168                __wrap_putchar
                0x10004168                stdio_putchar
 .text.__wrap_puts
                0x10004200       0x3c CMakeFiles/FortressKey.dir/C_/Users/HP/OneDrive/Desktop/FortressKey/pico-sdk/src/rp2_common/pico_stdio/stdio.c.obj
                0x10004200                stdio_puts
                0x10004200                __wrap_puts
 .text.__wrap_vprintf
                0x1000423c       0xd4 CMakeFiles/FortressKey.dir/C_/Users/HP/OneDrive/Desktop/FortressKey/pico-sdk/src/rp2_common/pico_stdio/stdio.c.obj
                0x1000423c                stdio_vprintf
                0x1000423c                __wrap_vprintf
 .text.__wrap_printf
                0x10004310       0x18 CMakeFiles/FortressKey.dir/C_/Users/HP/OneDrive/Desktop/FortressKey/pico-sdk/src/rp2_common/pico_stdio/stdio.c.obj
                0x10004310                __wrap_printf
                0x10004310                stdio_printf
 .text.resetd_init
                0x10004328        0x4 CMakeFiles/FortressKey.dir/C_/Users/HP/OneDrive/Desktop/FortressKey/pico-sdk/src/rp2_common/pico_stdio_usb/reset_interface.c.obj
 .text.resetd_reset
                0x1000432c        0xc CMakeFiles/FortressKey.dir/C_/Users/HP/OneDrive/Desktop/FortressKey/pico-sdk/src/rp2_common/pico_stdio_usb/reset_interface.c.obj
 .text.resetd_open
                0x10004338       0x28 CMakeFiles/FortressKey.dir/C_/Users/HP/OneDrive/Desktop/FortressKey/pico-sdk/src/rp2_common/pico_stdio_usb/reset_interface.c.obj
 .text.resetd_xfer_cb
                0x10004360        0x4 CMakeFiles/FortressKey.dir/C_/Users/HP/OneDrive/Desktop/FortressKey/pico-sdk/src/rp2_common/pico_stdio_usb/reset_interface.c.obj
 .text.resetd_control_xfer_cb
                0x10004364       0x5c CMakeFiles/FortressKey.dir/C_/Users/HP/OneDrive/Desktop/FortressKey/pico-sdk/src/rp2_common/pico_stdio_usb/reset_interface.c.obj
 .text.tud_descriptor_bos_cb
                0x100043c0        0x8 CMakeFiles/FortressKey.dir/C_/Users/HP/OneDrive/Desktop/FortressKey/pico-sdk/src/rp2_common/pico_stdio_usb/reset_interface.c.obj
                0x100043c0                tud_descriptor_bos_cb
 .text.tud_vendor_control_xfer_cb
                0x100043c8       0x34 CMakeFiles/FortressKey.dir/C_/Users/HP/OneDrive/Desktop/FortressKey/pico-sdk/src/rp2_common/pico_stdio_usb/reset_interface.c.obj
                0x100043c8                tud_vendor_control_xfer_cb
 .text.usbd_app_driver_get_cb
                0x100043fc        0xc CMakeFiles/FortressKey.dir/C_/Users/HP/OneDrive/Desktop/FortressKey/pico-sdk/src/rp2_common/pico_stdio_usb/reset_interface.c.obj
                0x100043fc                usbd_app_driver_get_cb
 .text.tud_cdc_line_coding_cb
                0x10004408       0x2c CMakeFiles/FortressKey.dir/C_/Users/HP/OneDrive/Desktop/FortressKey/pico-sdk/src/rp2_common/pico_stdio_usb/reset_interface.c.obj
                0x10004408                tud_cdc_line_coding_cb
 .text.stdio_usb_set_chars_available_callback
                0x10004434       0x14 CMakeFiles/FortressKey.dir/C_/Users/HP/OneDrive/Desktop/FortressKey/pico-sdk/src/rp2_common/pico_stdio_usb/stdio_usb.c.obj
                0x10004434                stdio_usb_set_chars_available_callback
 .text.usb_irq  0x10004448       0x10 CMakeFiles/FortressKey.dir/C_/Users/HP/OneDrive/Desktop/FortressKey/pico-sdk/src/rp2_common/pico_stdio_usb/stdio_usb.c.obj
 .text.timer_task
                0x10004458       0x64 CMakeFiles/FortressKey.dir/C_/Users/HP/OneDrive/Desktop/FortressKey/pico-sdk/src/rp2_common/pico_stdio_usb/stdio_usb.c.obj
 .text.stdio_usb_in_chars
                0x100044bc       0x90 CMakeFiles/FortressKey.dir/C_/Users/HP/OneDrive/Desktop/FortressKey/pico-sdk/src/rp2_common/pico_stdio_usb/stdio_usb.c.obj
                0x100044bc                stdio_usb_in_chars
 .text.stdio_usb_out_flush
                0x1000454c       0x50 CMakeFiles/FortressKey.dir/C_/Users/HP/OneDrive/Desktop/FortressKey/pico-sdk/src/rp2_common/pico_stdio_usb/stdio_usb.c.obj
 .text.stdio_usb_out_chars
                0x1000459c      0x104 CMakeFiles/FortressKey.dir/C_/Users/HP/OneDrive/Desktop/FortressKey/pico-sdk/src/rp2_common/pico_stdio_usb/stdio_usb.c.obj
 .text.low_priority_worker_irq
                0x100046a0       0xcc CMakeFiles/FortressKey.dir/C_/Users/HP/OneDrive/Desktop/FortressKey/pico-sdk/src/rp2_common/pico_stdio_usb/stdio_usb.c.obj
 .text.stdio_usb_init
                0x1000476c       0xec CMakeFiles/FortressKey.dir/C_/Users/HP/OneDrive/Desktop/FortressKey/pico-sdk/src/rp2_common/pico_stdio_usb/stdio_usb.c.obj
                0x1000476c                stdio_usb_init
 .text.tud_descriptor_device_cb
                0x10004858        0x8 CMakeFiles/FortressKey.dir/C_/Users/HP/OneDrive/Desktop/FortressKey/pico-sdk/src/rp2_common/pico_stdio_usb/stdio_usb_descriptors.c.obj
                0x10004858                tud_descriptor_device_cb
 .text.tud_descriptor_configuration_cb
                0x10004860        0x8 CMakeFiles/FortressKey.dir/C_/Users/HP/OneDrive/Desktop/FortressKey/pico-sdk/src/rp2_common/pico_stdio_usb/stdio_usb_descriptors.c.obj
                0x10004860                tud_descriptor_configuration_cb
 .text.tud_descriptor_string_cb
                0x10004868       0x78 CMakeFiles/FortressKey.dir/C_/Users/HP/OneDrive/Desktop/FortressKey/pico-sdk/src/rp2_common/pico_stdio_usb/stdio_usb_descriptors.c.obj
                0x10004868                tud_descriptor_string_cb
 .text.startup._retrieve_unique_id_on_boot
                0x100048e0       0x10 CMakeFiles/FortressKey.dir/C_/Users/HP/OneDrive/Desktop/FortressKey/pico-sdk/src/rp2_common/pico_unique_id/unique_id.c.obj
 .text.pico_get_unique_board_id_string
                0x100048f0      0x1a8 CMakeFiles/FortressKey.dir/C_/Users/HP/OneDrive/Desktop/FortressKey/pico-sdk/src/rp2_common/pico_unique_id/unique_id.c.obj
                0x100048f0                pico_get_unique_board_id_string
 .text.flash_get_unique_id
                0x10004a98       0x3c CMakeFiles/FortressKey.dir/C_/Users/HP/OneDrive/Desktop/FortressKey/pico-sdk/src/rp2_common/hardware_flash/flash.c.obj
                0x10004a98                flash_get_unique_id
 .text.dcd_init
                0x10004ad4       0x90 CMakeFiles/FortressKey.dir/C_/Users/HP/OneDrive/Desktop/FortressKey/pico-sdk/lib/tinyusb/src/portable/raspberrypi/rp2040/dcd_rp2040.c.obj
                0x10004ad4                dcd_init
 .text.dcd_int_enable
                0x10004b64        0xc CMakeFiles/FortressKey.dir/C_/Users/HP/OneDrive/Desktop/FortressKey/pico-sdk/lib/tinyusb/src/portable/raspberrypi/rp2040/dcd_rp2040.c.obj
                0x10004b64                dcd_int_enable
 .text.dcd_set_address
                0x10004b70       0x14 CMakeFiles/FortressKey.dir/C_/Users/HP/OneDrive/Desktop/FortressKey/pico-sdk/lib/tinyusb/src/portable/raspberrypi/rp2040/dcd_rp2040.c.obj
                0x10004b70                dcd_set_address
 .text.dcd_sof_enable
                0x10004b84       0x1c CMakeFiles/FortressKey.dir/C_/Users/HP/OneDrive/Desktop/FortressKey/pico-sdk/lib/tinyusb/src/portable/raspberrypi/rp2040/dcd_rp2040.c.obj
                0x10004b84                dcd_sof_enable
 .text.dcd_edpt0_status_complete
                0x10004ba0       0x1c CMakeFiles/FortressKey.dir/C_/Users/HP/OneDrive/Desktop/FortressKey/pico-sdk/lib/tinyusb/src/portable/raspberrypi/rp2040/dcd_rp2040.c.obj
                0x10004ba0                dcd_edpt0_status_complete
 .text.dcd_edpt_open
                0x10004bbc      0x114 CMakeFiles/FortressKey.dir/C_/Users/HP/OneDrive/Desktop/FortressKey/pico-sdk/lib/tinyusb/src/portable/raspberrypi/rp2040/dcd_rp2040.c.obj
                0x10004bbc                dcd_edpt_open
 .text.dcd_edpt_close_all
                0x10004cd0        0x8 CMakeFiles/FortressKey.dir/C_/Users/HP/OneDrive/Desktop/FortressKey/pico-sdk/lib/tinyusb/src/portable/raspberrypi/rp2040/dcd_rp2040.c.obj
                0x10004cd0                dcd_edpt_close_all
 .text.dcd_edpt_xfer
                0x10004cd8       0x24 CMakeFiles/FortressKey.dir/C_/Users/HP/OneDrive/Desktop/FortressKey/pico-sdk/lib/tinyusb/src/portable/raspberrypi/rp2040/dcd_rp2040.c.obj
                0x10004cd8                dcd_edpt_xfer
 .text.dcd_edpt_stall
                0x10004cfc       0x34 CMakeFiles/FortressKey.dir/C_/Users/HP/OneDrive/Desktop/FortressKey/pico-sdk/lib/tinyusb/src/portable/raspberrypi/rp2040/dcd_rp2040.c.obj
                0x10004cfc                dcd_edpt_stall
 .text.dcd_edpt_clear_stall
                0x10004d30       0x30 CMakeFiles/FortressKey.dir/C_/Users/HP/OneDrive/Desktop/FortressKey/pico-sdk/lib/tinyusb/src/portable/raspberrypi/rp2040/dcd_rp2040.c.obj
                0x10004d30                dcd_edpt_clear_stall
 .text.rp2040_usb_init
                0x10004d60       0x40 CMakeFiles/FortressKey.dir/C_/Users/HP/OneDrive/Desktop/FortressKey/pico-sdk/lib/tinyusb/src/portable/raspberrypi/rp2040/rp2040_usb.c.obj
                0x10004d60                rp2040_usb_init
 .text.hw_endpoint_xfer_start
                0x10004da0       0x40 CMakeFiles/FortressKey.dir/C_/Users/HP/OneDrive/Desktop/FortressKey/pico-sdk/lib/tinyusb/src/portable/raspberrypi/rp2040/rp2040_usb.c.obj
                0x10004da0                hw_endpoint_xfer_start
 .text.tud_event_hook_cb
                0x10004de0        0x4 CMakeFiles/FortressKey.dir/C_/Users/HP/OneDrive/Desktop/FortressKey/pico-sdk/lib/tinyusb/src/device/usbd.c.obj
                0x10004de0                tud_event_hook_cb
 .text.tud_sof_cb
                0x10004de4        0x4 CMakeFiles/FortressKey.dir/C_/Users/HP/OneDrive/Desktop/FortressKey/pico-sdk/lib/tinyusb/src/device/usbd.c.obj
                0x10004de4                tud_sof_cb
 .text.tud_descriptor_device_qualifier_cb
                0x10004de8        0x4 CMakeFiles/FortressKey.dir/C_/Users/HP/OneDrive/Desktop/FortressKey/pico-sdk/lib/tinyusb/src/device/usbd.c.obj
                0x10004de8                tud_descriptor_device_qualifier_cb
 .text.tud_descriptor_other_speed_configuration_cb
                0x10004dec        0x4 CMakeFiles/FortressKey.dir/C_/Users/HP/OneDrive/Desktop/FortressKey/pico-sdk/lib/tinyusb/src/device/usbd.c.obj
                0x10004dec                tud_descriptor_other_speed_configuration_cb
 .text.tud_mount_cb
                0x10004df0        0x4 CMakeFiles/FortressKey.dir/C_/Users/HP/OneDrive/Desktop/FortressKey/pico-sdk/lib/tinyusb/src/device/usbd.c.obj
                0x10004df0                tud_mount_cb
 .text.tud_umount_cb
                0x10004df4        0x4 CMakeFiles/FortressKey.dir/C_/Users/HP/OneDrive/Desktop/FortressKey/pico-sdk/lib/tinyusb/src/device/usbd.c.obj
                0x10004df4                tud_umount_cb
 .text.tud_suspend_cb
                0x10004df8        0x4 CMakeFiles/FortressKey.dir/C_/Users/HP/OneDrive/Desktop/FortressKey/pico-sdk/lib/tinyusb/src/device/usbd.c.obj
                0x10004df8                tud_suspend_cb
 .text.tud_resume_cb
                0x10004dfc        0x4 CMakeFiles/FortressKey.dir/C_/Users/HP/OneDrive/Desktop/FortressKey/pico-sdk/lib/tinyusb/src/device/usbd.c.obj
                0x10004dfc                tud_resume_cb
 .text.tud_mounted
                0x10004e00       0x10 CMakeFiles/FortressKey.dir/C_/Users/HP/OneDrive/Desktop/FortressKey/pico-sdk/lib/tinyusb/src/device/usbd.c.obj
                0x10004e00                tud_mounted
 .text.tud_suspended
                0x10004e10       0x10 CMakeFiles/FortressKey.dir/C_/Users/HP/OneDrive/Desktop/FortressKey/pico-sdk/lib/tinyusb/src/device/usbd.c.obj
                0x10004e10                tud_suspended
 .text.tud_rhport_init
                0x10004e20       0xfc CMakeFiles/FortressKey.dir/C_/Users/HP/OneDrive/Desktop/FortressKey/pico-sdk/lib/tinyusb/src/device/usbd.c.obj
                0x10004e20                tud_rhport_init
 .text.tud_task_ext
                0x10004f1c      0x800 CMakeFiles/FortressKey.dir/C_/Users/HP/OneDrive/Desktop/FortressKey/pico-sdk/lib/tinyusb/src/device/usbd.c.obj
                0x10004f1c                tud_task_ext
 .text.usbd_open_edpt_pair
                0x1000571c       0x9c CMakeFiles/FortressKey.dir/C_/Users/HP/OneDrive/Desktop/FortressKey/pico-sdk/lib/tinyusb/src/device/usbd.c.obj
                0x1000571c                usbd_open_edpt_pair
 .text.usbd_edpt_open
                0x100057b8       0x34 CMakeFiles/FortressKey.dir/C_/Users/HP/OneDrive/Desktop/FortressKey/pico-sdk/lib/tinyusb/src/device/usbd.c.obj
                0x100057b8                usbd_edpt_open
 .text.usbd_edpt_claim
                0x100057ec       0x28 CMakeFiles/FortressKey.dir/C_/Users/HP/OneDrive/Desktop/FortressKey/pico-sdk/lib/tinyusb/src/device/usbd.c.obj
                0x100057ec                usbd_edpt_claim
 .text.usbd_edpt_release
                0x10005814       0x28 CMakeFiles/FortressKey.dir/C_/Users/HP/OneDrive/Desktop/FortressKey/pico-sdk/lib/tinyusb/src/device/usbd.c.obj
                0x10005814                usbd_edpt_release
 .text.usbd_edpt_xfer
                0x1000583c       0x4c CMakeFiles/FortressKey.dir/C_/Users/HP/OneDrive/Desktop/FortressKey/pico-sdk/lib/tinyusb/src/device/usbd.c.obj
                0x1000583c                usbd_edpt_xfer
 .text.tud_control_status
                0x10005888       0x2c CMakeFiles/FortressKey.dir/C_/Users/HP/OneDrive/Desktop/FortressKey/pico-sdk/lib/tinyusb/src/device/usbd_control.c.obj
                0x10005888                tud_control_status
 .text.tud_control_xfer
                0x100058b4       0xac CMakeFiles/FortressKey.dir/C_/Users/HP/OneDrive/Desktop/FortressKey/pico-sdk/lib/tinyusb/src/device/usbd_control.c.obj
                0x100058b4                tud_control_xfer
 .text.usbd_control_reset
                0x10005960       0x14 CMakeFiles/FortressKey.dir/C_/Users/HP/OneDrive/Desktop/FortressKey/pico-sdk/lib/tinyusb/src/device/usbd_control.c.obj
                0x10005960                usbd_control_reset
 .text.usbd_control_set_complete_callback
                0x10005974        0xc CMakeFiles/FortressKey.dir/C_/Users/HP/OneDrive/Desktop/FortressKey/pico-sdk/lib/tinyusb/src/device/usbd_control.c.obj
                0x10005974                usbd_control_set_complete_callback
 .text.usbd_control_set_request
                0x10005980       0x1c CMakeFiles/FortressKey.dir/C_/Users/HP/OneDrive/Desktop/FortressKey/pico-sdk/lib/tinyusb/src/device/usbd_control.c.obj
                0x10005980                usbd_control_set_request
 .text.usbd_control_xfer_cb
                0x1000599c       0xec CMakeFiles/FortressKey.dir/C_/Users/HP/OneDrive/Desktop/FortressKey/pico-sdk/lib/tinyusb/src/device/usbd_control.c.obj
                0x1000599c                usbd_control_xfer_cb
 .text._prep_out_transaction.isra.0
                0x10005a88       0x6c CMakeFiles/FortressKey.dir/C_/Users/HP/OneDrive/Desktop/FortressKey/pico-sdk/lib/tinyusb/src/class/cdc/cdc_device.c.obj
 .text.tud_cdc_n_connected
                0x10005af4       0x2c CMakeFiles/FortressKey.dir/C_/Users/HP/OneDrive/Desktop/FortressKey/pico-sdk/lib/tinyusb/src/class/cdc/cdc_device.c.obj
                0x10005af4                tud_cdc_n_connected
 .text.tud_cdc_n_available
                0x10005b20       0x14 CMakeFiles/FortressKey.dir/C_/Users/HP/OneDrive/Desktop/FortressKey/pico-sdk/lib/tinyusb/src/class/cdc/cdc_device.c.obj
                0x10005b20                tud_cdc_n_available
 .text.tud_cdc_n_read
                0x10005b34       0x8c CMakeFiles/FortressKey.dir/C_/Users/HP/OneDrive/Desktop/FortressKey/pico-sdk/lib/tinyusb/src/class/cdc/cdc_device.c.obj
                0x10005b34                tud_cdc_n_read
 .text.tud_cdc_n_write_flush
                0x10005bc0       0x74 CMakeFiles/FortressKey.dir/C_/Users/HP/OneDrive/Desktop/FortressKey/pico-sdk/lib/tinyusb/src/class/cdc/cdc_device.c.obj
                0x10005bc0                tud_cdc_n_write_flush
 .text.tud_cdc_n_write
                0x10005c34       0x40 CMakeFiles/FortressKey.dir/C_/Users/HP/OneDrive/Desktop/FortressKey/pico-sdk/lib/tinyusb/src/class/cdc/cdc_device.c.obj
                0x10005c34                tud_cdc_n_write
 .text.tud_cdc_n_write_available
                0x10005c74       0x14 CMakeFiles/FortressKey.dir/C_/Users/HP/OneDrive/Desktop/FortressKey/pico-sdk/lib/tinyusb/src/class/cdc/cdc_device.c.obj
                0x10005c74                tud_cdc_n_write_available
 .text.cdcd_init
                0x10005c88       0x70 CMakeFiles/FortressKey.dir/C_/Users/HP/OneDrive/Desktop/FortressKey/pico-sdk/lib/tinyusb/src/class/cdc/cdc_device.c.obj
                0x10005c88                cdcd_init
 .text.cdcd_deinit
                0x10005cf8       0x34 CMakeFiles/FortressKey.dir/C_/Users/HP/OneDrive/Desktop/FortressKey/pico-sdk/lib/tinyusb/src/class/cdc/cdc_device.c.obj
                0x10005cf8                cdcd_deinit
 .text.cdcd_reset
                0x10005d2c       0x4c CMakeFiles/FortressKey.dir/C_/Users/HP/OneDrive/Desktop/FortressKey/pico-sdk/lib/tinyusb/src/class/cdc/cdc_device.c.obj
                0x10005d2c                cdcd_reset
 .text.cdcd_open
                0x10005d78       0xa8 CMakeFiles/FortressKey.dir/C_/Users/HP/OneDrive/Desktop/FortressKey/pico-sdk/lib/tinyusb/src/class/cdc/cdc_device.c.obj
                0x10005d78                cdcd_open
 .text.cdcd_control_xfer_cb
                0x10005e20       0xe8 CMakeFiles/FortressKey.dir/C_/Users/HP/OneDrive/Desktop/FortressKey/pico-sdk/lib/tinyusb/src/class/cdc/cdc_device.c.obj
                0x10005e20                cdcd_control_xfer_cb
 .text.cdcd_xfer_cb
                0x10005f08      0x100 CMakeFiles/FortressKey.dir/C_/Users/HP/OneDrive/Desktop/FortressKey/pico-sdk/lib/tinyusb/src/class/cdc/cdc_device.c.obj
                0x10005f08                cdcd_xfer_cb
 .text.vendord_init
                0x10006008       0x5c CMakeFiles/FortressKey.dir/C_/Users/HP/OneDrive/Desktop/FortressKey/pico-sdk/lib/tinyusb/src/class/vendor/vendor_device.c.obj
                0x10006008                vendord_init
 .text.vendord_deinit
                0x10006064       0x1c CMakeFiles/FortressKey.dir/C_/Users/HP/OneDrive/Desktop/FortressKey/pico-sdk/lib/tinyusb/src/class/vendor/vendor_device.c.obj
                0x10006064                vendord_deinit
 .text.vendord_reset
                0x10006080       0x28 CMakeFiles/FortressKey.dir/C_/Users/HP/OneDrive/Desktop/FortressKey/pico-sdk/lib/tinyusb/src/class/vendor/vendor_device.c.obj
                0x10006080                vendord_reset
 .text.vendord_open
                0x100060a8      0x128 CMakeFiles/FortressKey.dir/C_/Users/HP/OneDrive/Desktop/FortressKey/pico-sdk/lib/tinyusb/src/class/vendor/vendor_device.c.obj
                0x100060a8                vendord_open
 .text.vendord_xfer_cb
                0x100061d0       0x9c CMakeFiles/FortressKey.dir/C_/Users/HP/OneDrive/Desktop/FortressKey/pico-sdk/lib/tinyusb/src/class/vendor/vendor_device.c.obj
                0x100061d0                vendord_xfer_cb
 .text.tusb_rhport_init
                0x1000626c       0x48 CMakeFiles/FortressKey.dir/C_/Users/HP/OneDrive/Desktop/FortressKey/pico-sdk/lib/tinyusb/src/tusb.c.obj
                0x1000626c                tusb_rhport_init
 .text.tu_edpt_claim
                0x100062b4       0x50 CMakeFiles/FortressKey.dir/C_/Users/HP/OneDrive/Desktop/FortressKey/pico-sdk/lib/tinyusb/src/tusb.c.obj
                0x100062b4                tu_edpt_claim
 .text.tu_edpt_release
                0x10006304       0x38 CMakeFiles/FortressKey.dir/C_/Users/HP/OneDrive/Desktop/FortressKey/pico-sdk/lib/tinyusb/src/tusb.c.obj
                0x10006304                tu_edpt_release
 .text.tu_edpt_validate
                0x1000633c       0x7c CMakeFiles/FortressKey.dir/C_/Users/HP/OneDrive/Desktop/FortressKey/pico-sdk/lib/tinyusb/src/tusb.c.obj
                0x1000633c                tu_edpt_validate
 .text.tu_edpt_bind_driver
                0x100063b8       0x34 CMakeFiles/FortressKey.dir/C_/Users/HP/OneDrive/Desktop/FortressKey/pico-sdk/lib/tinyusb/src/tusb.c.obj
                0x100063b8                tu_edpt_bind_driver
 .text.tu_edpt_stream_init
                0x100063ec       0x6c CMakeFiles/FortressKey.dir/C_/Users/HP/OneDrive/Desktop/FortressKey/pico-sdk/lib/tinyusb/src/tusb.c.obj
                0x100063ec                tu_edpt_stream_init
 .text.tu_edpt_stream_deinit
                0x10006458        0x4 CMakeFiles/FortressKey.dir/C_/Users/HP/OneDrive/Desktop/FortressKey/pico-sdk/lib/tinyusb/src/tusb.c.obj
                0x10006458                tu_edpt_stream_deinit
 .text.tu_edpt_stream_write_zlp_if_needed
                0x1000645c       0x68 CMakeFiles/FortressKey.dir/C_/Users/HP/OneDrive/Desktop/FortressKey/pico-sdk/lib/tinyusb/src/tusb.c.obj
                0x1000645c                tu_edpt_stream_write_zlp_if_needed
 .text.tu_edpt_stream_write_xfer
                0x100064c4       0x64 CMakeFiles/FortressKey.dir/C_/Users/HP/OneDrive/Desktop/FortressKey/pico-sdk/lib/tinyusb/src/tusb.c.obj
                0x100064c4                tu_edpt_stream_write_xfer
 .text.tu_edpt_stream_read_xfer
                0x10006528       0xdc CMakeFiles/FortressKey.dir/C_/Users/HP/OneDrive/Desktop/FortressKey/pico-sdk/lib/tinyusb/src/tusb.c.obj
                0x10006528                tu_edpt_stream_read_xfer
 .text.tu_fifo_config
                0x10006604       0x6c CMakeFiles/FortressKey.dir/C_/Users/HP/OneDrive/Desktop/FortressKey/pico-sdk/lib/tinyusb/src/common/tusb_fifo.c.obj
                0x10006604                tu_fifo_config
 .text.tu_fifo_count
                0x10006670       0x2c CMakeFiles/FortressKey.dir/C_/Users/HP/OneDrive/Desktop/FortressKey/pico-sdk/lib/tinyusb/src/common/tusb_fifo.c.obj
                0x10006670                tu_fifo_count
 .text.tu_fifo_empty
                0x1000669c       0x10 CMakeFiles/FortressKey.dir/C_/Users/HP/OneDrive/Desktop/FortressKey/pico-sdk/lib/tinyusb/src/common/tusb_fifo.c.obj
                0x1000669c                tu_fifo_empty
 .text.tu_fifo_remaining
                0x100066ac       0x2c CMakeFiles/FortressKey.dir/C_/Users/HP/OneDrive/Desktop/FortressKey/pico-sdk/lib/tinyusb/src/common/tusb_fifo.c.obj
                0x100066ac                tu_fifo_remaining
 .text.tu_fifo_read
                0x100066d8       0x9c CMakeFiles/FortressKey.dir/C_/Users/HP/OneDrive/Desktop/FortressKey/pico-sdk/lib/tinyusb/src/common/tusb_fifo.c.obj
                0x100066d8                tu_fifo_read
 .text.tu_fifo_read_n
                0x10006774       0xe8 CMakeFiles/FortressKey.dir/C_/Users/HP/OneDrive/Desktop/FortressKey/pico-sdk/lib/tinyusb/src/common/tusb_fifo.c.obj
                0x10006774                tu_fifo_read_n
 .text.tu_fifo_write
                0x1000685c       0xa8 CMakeFiles/FortressKey.dir/C_/Users/HP/OneDrive/Desktop/FortressKey/pico-sdk/lib/tinyusb/src/common/tusb_fifo.c.obj
                0x1000685c                tu_fifo_write
 .text.tu_fifo_write_n
                0x10006904      0x178 CMakeFiles/FortressKey.dir/C_/Users/HP/OneDrive/Desktop/FortressKey/pico-sdk/lib/tinyusb/src/common/tusb_fifo.c.obj
                0x10006904                tu_fifo_write_n
 .text.tu_fifo_clear
                0x10006a7c       0x40 CMakeFiles/FortressKey.dir/C_/Users/HP/OneDrive/Desktop/FortressKey/pico-sdk/lib/tinyusb/src/common/tusb_fifo.c.obj
                0x10006a7c                tu_fifo_clear
 .text.tu_fifo_set_overwritable
                0x10006abc       0x48 CMakeFiles/FortressKey.dir/C_/Users/HP/OneDrive/Desktop/FortressKey/pico-sdk/lib/tinyusb/src/common/tusb_fifo.c.obj
                0x10006abc                tu_fifo_set_overwritable
 .text          0x10006b04        0xe C:/ST/STM32CubeIDE_1.18.1/STM32CubeIDE/plugins/com.st.stm32cube.ide.mcu.externaltools.gnu-tools-for-stm32.13.3.rel1.win32_1.0.0.202411081344/tools/bin/../lib/gcc/arm-none-eabi/13.3.1/../../../../arm-none-eabi/lib/thumb/v6-m/nofp\libg.a(libc_a-strlen.o)
                0x10006b04                strlen
 *(.fini)
 *fill*         0x10006b12        0x2 
 .fini          0x10006b14        0x4 C:/ST/STM32CubeIDE_1.18.1/STM32CubeIDE/plugins/com.st.stm32cube.ide.mcu.externaltools.gnu-tools-for-stm32.13.3.rel1.win32_1.0.0.202411081344/tools/bin/../lib/gcc/arm-none-eabi/13.3.1/thumb/v6-m/nofp/crti.o
                0x10006b14                _fini
 .fini.__stub   0x10006b18       0xe0 linker stubs
 *crtbegin.o(.ctors)
 *crtbegin?.o(.ctors)
 *(EXCLUDE_FILE(*crtend.o *crtend?.o) .ctors)
 *(SORT_BY_NAME(.ctors.*))
 *(.ctors)
 *crtbegin.o(.dtors)
 *crtbegin?.o(.dtors)
 *(EXCLUDE_FILE(*crtend.o *crtend?.o) .dtors)
 *(SORT_BY_NAME(.dtors.*))
 *(.dtors)
                0x10006bf8                        . = ALIGN (0x4)
                0x10006bf8                        PROVIDE (__preinit_array_start = .)
 *(SORT_BY_NAME(.preinit_array.*))
 .preinit_array.00100
                0x10006bf8        0x4 CMakeFiles/FortressKey.dir/C_/Users/HP/OneDrive/Desktop/FortressKey/pico-sdk/src/rp2_common/pico_runtime_init/runtime_init.c.obj
                0x10006bf8                __pre_init_runtime_init_early_resets
 .preinit_array.00101
                0x10006bfc        0x4 CMakeFiles/FortressKey.dir/C_/Users/HP/OneDrive/Desktop/FortressKey/pico-sdk/src/rp2_common/pico_runtime_init/runtime_init.c.obj
                0x10006bfc                __pre_init_runtime_init_usb_power_down
 .preinit_array.00275
                0x10006c00        0x4 CMakeFiles/FortressKey.dir/C_/Users/HP/OneDrive/Desktop/FortressKey/pico-sdk/src/rp2_common/pico_bit_ops/bit_ops_aeabi.S.obj
 .preinit_array.00300
                0x10006c04        0x4 CMakeFiles/FortressKey.dir/C_/Users/HP/OneDrive/Desktop/FortressKey/pico-sdk/src/rp2_common/pico_mem_ops/mem_ops_aeabi.S.obj
 .preinit_array.00350
                0x10006c08        0x4 CMakeFiles/FortressKey.dir/C_/Users/HP/OneDrive/Desktop/FortressKey/pico-sdk/src/rp2_common/pico_double/double_aeabi_rp2040.S.obj
 .preinit_array.00350
                0x10006c0c        0x4 CMakeFiles/FortressKey.dir/C_/Users/HP/OneDrive/Desktop/FortressKey/pico-sdk/src/rp2_common/pico_float/float_aeabi_rp2040.S.obj
 .preinit_array.00500
                0x10006c10        0x4 CMakeFiles/FortressKey.dir/C_/Users/HP/OneDrive/Desktop/FortressKey/pico-sdk/src/rp2_common/pico_runtime_init/runtime_init.c.obj
                0x10006c10                __pre_init_runtime_init_clocks
 .preinit_array.00600
                0x10006c14        0x4 CMakeFiles/FortressKey.dir/C_/Users/HP/OneDrive/Desktop/FortressKey/pico-sdk/src/rp2_common/pico_runtime_init/runtime_init.c.obj
                0x10006c14                __pre_init_runtime_init_post_clock_resets
 .preinit_array.00700
                0x10006c18        0x4 CMakeFiles/FortressKey.dir/C_/Users/HP/OneDrive/Desktop/FortressKey/pico-sdk/src/rp2_common/pico_runtime_init/runtime_init.c.obj
                0x10006c18                __pre_init_runtime_init_rp2040_gpio_ie_disable
 .preinit_array.01000
                0x10006c1c        0x4 CMakeFiles/FortressKey.dir/C_/Users/HP/OneDrive/Desktop/FortressKey/pico-sdk/src/rp2_common/pico_runtime_init/runtime_init.c.obj
                0x10006c1c                __pre_init_runtime_init_spin_locks_reset
 .preinit_array.01100
                0x10006c20        0x4 CMakeFiles/FortressKey.dir/C_/Users/HP/OneDrive/Desktop/FortressKey/pico-sdk/src/common/pico_sync/mutex.c.obj
                0x10006c20                __pre_init_runtime_init_mutex
 .preinit_array.10080
                0x10006c24        0x4 CMakeFiles/FortressKey.dir/C_/Users/HP/OneDrive/Desktop/FortressKey/pico-sdk/src/rp2_common/pico_runtime_init/runtime_init.c.obj
                0x10006c24                __pre_init_runtime_init_install_ram_vector_table
 .preinit_array.11000
                0x10006c28        0x4 CMakeFiles/FortressKey.dir/C_/Users/HP/OneDrive/Desktop/FortressKey/pico-sdk/src/common/pico_time/time.c.obj
                0x10006c28                __pre_init_runtime_init_default_alarm_pool
 .preinit_array.YYYYY
                0x10006c2c        0x4 CMakeFiles/FortressKey.dir/C_/Users/HP/OneDrive/Desktop/FortressKey/pico-sdk/src/rp2_common/pico_runtime/runtime.c.obj
                0x10006c2c                __pre_init_first_per_core_initializer
 .preinit_array.ZZZZZ.01200
                0x10006c30        0x4 CMakeFiles/FortressKey.dir/C_/Users/HP/OneDrive/Desktop/FortressKey/pico-sdk/src/rp2_common/hardware_irq/irq.c.obj
                0x10006c30                __pre_init_runtime_init_per_core_irq_priorities
 *(.preinit_array)
                0x10006c34                        PROVIDE (__preinit_array_end = .)
                0x10006c34                        . = ALIGN (0x4)
                0x10006c34                        PROVIDE (__init_array_start = .)
 *(SORT_BY_NAME(.init_array.*))
 .init_array.01000
                0x10006c34        0x4 CMakeFiles/FortressKey.dir/C_/Users/HP/OneDrive/Desktop/FortressKey/pico-sdk/src/rp2_common/pico_unique_id/unique_id.c.obj
 *(.init_array)
 .init_array    0x10006c38        0x4 C:/ST/STM32CubeIDE_1.18.1/STM32CubeIDE/plugins/com.st.stm32cube.ide.mcu.externaltools.gnu-tools-for-stm32.13.3.rel1.win32_1.0.0.202411081344/tools/bin/../lib/gcc/arm-none-eabi/13.3.1/thumb/v6-m/nofp/crtbegin.o
                0x10006c3c                        PROVIDE (__init_array_end = .)
                0x10006c3c                        . = ALIGN (0x4)
                [!provide]                        PROVIDE (__fini_array_start = .)
 *(SORT_BY_NAME(.fini_array.*))
 *(.fini_array)
                [!provide]                        PROVIDE (__fini_array_end = .)
 *(.eh_frame*)
 .eh_frame      0x10006c3c        0x0 C:/ST/STM32CubeIDE_1.18.1/STM32CubeIDE/plugins/com.st.stm32cube.ide.mcu.externaltools.gnu-tools-for-stm32.13.3.rel1.win32_1.0.0.202411081344/tools/bin/../lib/gcc/arm-none-eabi/13.3.1/thumb/v6-m/nofp/crtbegin.o
                0x10006c3c                        . = ALIGN (0x4)

.glue_7         0x10006c3c        0x0
 .glue_7        0x10006c3c        0x0 linker stubs

.glue_7t        0x10006c3c        0x0
 .glue_7t       0x10006c3c        0x0 linker stubs

.vfp11_veneer   0x10006c3c        0x0
 .vfp11_veneer  0x10006c3c        0x0 linker stubs

.v4_bx          0x10006c3c        0x0
 .v4_bx         0x10006c3c        0x0 linker stubs

.iplt           0x10006c3c        0x0
 .iplt          0x10006c3c        0x0 C:/ST/STM32CubeIDE_1.18.1/STM32CubeIDE/plugins/com.st.stm32cube.ide.mcu.externaltools.gnu-tools-for-stm32.13.3.rel1.win32_1.0.0.202411081344/tools/bin/../lib/gcc/arm-none-eabi/13.3.1/thumb/v6-m/nofp/crtbegin.o

.rodata         0x10006c40      0x6ac
 *(EXCLUDE_FILE(*libm.a: *libc.a:*lib_a-mem*.o *libgcc.a:) .rodata*)
 .rodata.main.str1.4
                0x10006c40      0x188 CMakeFiles/FortressKey.dir/main.cpp.obj
                                 0x17 (size before relaxing)
 .rodata        0x10006dc8       0x80 CMakeFiles/FortressKey.dir/main.cpp.obj
 .rodata.panic.str1.4
                0x10006e48       0x12 CMakeFiles/FortressKey.dir/C_/Users/HP/OneDrive/Desktop/FortressKey/pico-sdk/src/rp2_common/pico_platform_panic/panic.c.obj
 .rodata.spin_lock_claim_unused.str1.4
                0x10006e48       0x1b CMakeFiles/FortressKey.dir/C_/Users/HP/OneDrive/Desktop/FortressKey/pico-sdk/src/rp2_common/hardware_sync/sync.c.obj
 .rodata.user_irq_claim_unused.str1.4
                0x10006e48       0x1b CMakeFiles/FortressKey.dir/C_/Users/HP/OneDrive/Desktop/FortressKey/pico-sdk/src/rp2_common/hardware_irq/irq.c.obj
 .rodata.timer_hardware_alarm_claim.str1.4
                0x10006e48       0x22 CMakeFiles/FortressKey.dir/C_/Users/HP/OneDrive/Desktop/FortressKey/pico-sdk/src/rp2_common/hardware_timer/timer.c.obj
 .rodata.hard_assertion_failure.str1.4
                0x10006e48        0xc CMakeFiles/FortressKey.dir/C_/Users/HP/OneDrive/Desktop/FortressKey/pico-sdk/src/rp2_common/pico_runtime/runtime.c.obj
 .rodata.str1.4
                0x10006e48       0x40 CMakeFiles/FortressKey.dir/C_/Users/HP/OneDrive/Desktop/FortressKey/pico-sdk/src/rp2_common/pico_standard_binary_info/standard_binary_info.c.obj
 .rodata.__bi_84
                0x10006e48        0xc CMakeFiles/FortressKey.dir/C_/Users/HP/OneDrive/Desktop/FortressKey/pico-sdk/src/rp2_common/pico_standard_binary_info/standard_binary_info.c.obj
 .rodata.__bi_78
                0x10006e54        0xc CMakeFiles/FortressKey.dir/C_/Users/HP/OneDrive/Desktop/FortressKey/pico-sdk/src/rp2_common/pico_standard_binary_info/standard_binary_info.c.obj
 .rodata.__bi_54
                0x10006e60        0xc CMakeFiles/FortressKey.dir/C_/Users/HP/OneDrive/Desktop/FortressKey/pico-sdk/src/rp2_common/pico_standard_binary_info/standard_binary_info.c.obj
 .rodata.__bi_48
                0x10006e6c        0xc CMakeFiles/FortressKey.dir/C_/Users/HP/OneDrive/Desktop/FortressKey/pico-sdk/src/rp2_common/pico_standard_binary_info/standard_binary_info.c.obj
 .rodata.__bi_42
                0x10006e78        0xc CMakeFiles/FortressKey.dir/C_/Users/HP/OneDrive/Desktop/FortressKey/pico-sdk/src/rp2_common/pico_standard_binary_info/standard_binary_info.c.obj
 .rodata.__bi_34
                0x10006e84        0xc CMakeFiles/FortressKey.dir/C_/Users/HP/OneDrive/Desktop/FortressKey/pico-sdk/src/rp2_common/pico_standard_binary_info/standard_binary_info.c.obj
 .rodata.__bi_26
                0x10006e90        0xc CMakeFiles/FortressKey.dir/C_/Users/HP/OneDrive/Desktop/FortressKey/pico-sdk/src/rp2_common/pico_standard_binary_info/standard_binary_info.c.obj
 .rodata._ftoa.str1.4
                0x10006e9c       0x15 CMakeFiles/FortressKey.dir/C_/Users/HP/OneDrive/Desktop/FortressKey/pico-sdk/src/rp2_common/pico_printf/printf.c.obj
 .rodata._vsnprintf
                0x10006e9c      0x19c CMakeFiles/FortressKey.dir/C_/Users/HP/OneDrive/Desktop/FortressKey/pico-sdk/src/rp2_common/pico_printf/printf.c.obj
 .rodata.pow10.0
                0x10007038       0x50 CMakeFiles/FortressKey.dir/C_/Users/HP/OneDrive/Desktop/FortressKey/pico-sdk/src/rp2_common/pico_printf/printf.c.obj
 .rodata.crlf_str.0
                0x10007088        0x2 CMakeFiles/FortressKey.dir/C_/Users/HP/OneDrive/Desktop/FortressKey/pico-sdk/src/rp2_common/pico_stdio/stdio.c.obj
 *fill*         0x1000708a        0x2 
 .rodata._resetd_driver
                0x1000708c       0x20 CMakeFiles/FortressKey.dir/C_/Users/HP/OneDrive/Desktop/FortressKey/pico-sdk/src/rp2_common/pico_stdio_usb/reset_interface.c.obj
 .rodata.desc_ms_os_20
                0x100070ac       0xa6 CMakeFiles/FortressKey.dir/C_/Users/HP/OneDrive/Desktop/FortressKey/pico-sdk/src/rp2_common/pico_stdio_usb/reset_interface.c.obj
 *fill*         0x10007152        0x2 
 .rodata.desc_bos
                0x10007154       0x21 CMakeFiles/FortressKey.dir/C_/Users/HP/OneDrive/Desktop/FortressKey/pico-sdk/src/rp2_common/pico_stdio_usb/reset_interface.c.obj
                0x10007154                desc_bos
 .rodata.str1.4
                0x10007175       0x13 CMakeFiles/FortressKey.dir/C_/Users/HP/OneDrive/Desktop/FortressKey/pico-sdk/src/rp2_common/pico_stdio_usb/stdio_usb.c.obj
 *fill*         0x10007175        0x3 
 .rodata.__bi_202.0
                0x10007178        0xc CMakeFiles/FortressKey.dir/C_/Users/HP/OneDrive/Desktop/FortressKey/pico-sdk/src/rp2_common/pico_stdio_usb/stdio_usb.c.obj
 .rodata.str1.4
                0x10007184       0x2a CMakeFiles/FortressKey.dir/C_/Users/HP/OneDrive/Desktop/FortressKey/pico-sdk/src/rp2_common/pico_stdio_usb/stdio_usb_descriptors.c.obj
 .rodata.usbd_desc_str
                0x10007184       0x18 CMakeFiles/FortressKey.dir/C_/Users/HP/OneDrive/Desktop/FortressKey/pico-sdk/src/rp2_common/pico_stdio_usb/stdio_usb_descriptors.c.obj
 .rodata.usbd_desc_cfg
                0x1000719c       0x54 CMakeFiles/FortressKey.dir/C_/Users/HP/OneDrive/Desktop/FortressKey/pico-sdk/src/rp2_common/pico_stdio_usb/stdio_usb_descriptors.c.obj
 .rodata.usbd_desc_device
                0x100071f0       0x12 CMakeFiles/FortressKey.dir/C_/Users/HP/OneDrive/Desktop/FortressKey/pico-sdk/src/rp2_common/pico_stdio_usb/stdio_usb_descriptors.c.obj
 .rodata.str1.4
                0x10007202       0x14 CMakeFiles/FortressKey.dir/C_/Users/HP/OneDrive/Desktop/FortressKey/pico-sdk/lib/tinyusb/src/portable/raspberrypi/rp2040/dcd_rp2040.c.obj
 .rodata.str1.4
                0x10007202       0x48 CMakeFiles/FortressKey.dir/C_/Users/HP/OneDrive/Desktop/FortressKey/pico-sdk/lib/tinyusb/src/portable/raspberrypi/rp2040/rp2040_usb.c.obj
 *fill*         0x10007202        0x2 
 .rodata.tud_task_ext
                0x10007204       0x8c CMakeFiles/FortressKey.dir/C_/Users/HP/OneDrive/Desktop/FortressKey/pico-sdk/lib/tinyusb/src/device/usbd.c.obj
 .rodata        0x10007290       0x1c CMakeFiles/FortressKey.dir/C_/Users/HP/OneDrive/Desktop/FortressKey/pico-sdk/lib/tinyusb/src/device/usbd.c.obj
 .rodata._usbd_driver
                0x100072ac       0x40 CMakeFiles/FortressKey.dir/C_/Users/HP/OneDrive/Desktop/FortressKey/pico-sdk/lib/tinyusb/src/device/usbd.c.obj
                0x100072ec                        . = ALIGN (0x4)
 *(SORT_BY_ALIGNMENT(SORT_BY_NAME(.flashdata*)))
                0x100072ec                        . = ALIGN (0x4)

.ARM.extab
 *(.ARM.extab* .gnu.linkonce.armextab.*)
                0x100072ec                        __exidx_start = .

.ARM.exidx
 *(.ARM.exidx* .gnu.linkonce.armexidx.*)
                0x100072ec                        __exidx_end = .
                0x100072ec                        . = ALIGN (0x4)
                0x100072ec                        __binary_info_start = .

.binary_info    0x100072ec       0x20
 *(.binary_info.keep.*)
 .binary_info.keep.__bi_ptr84
                0x100072ec        0x4 CMakeFiles/FortressKey.dir/C_/Users/HP/OneDrive/Desktop/FortressKey/pico-sdk/src/rp2_common/pico_standard_binary_info/standard_binary_info.c.obj
 .binary_info.keep.__bi_ptr78
                0x100072f0        0x4 CMakeFiles/FortressKey.dir/C_/Users/HP/OneDrive/Desktop/FortressKey/pico-sdk/src/rp2_common/pico_standard_binary_info/standard_binary_info.c.obj
 .binary_info.keep.__bi_ptr54
                0x100072f4        0x4 CMakeFiles/FortressKey.dir/C_/Users/HP/OneDrive/Desktop/FortressKey/pico-sdk/src/rp2_common/pico_standard_binary_info/standard_binary_info.c.obj
 .binary_info.keep.__bi_ptr48
                0x100072f8        0x4 CMakeFiles/FortressKey.dir/C_/Users/HP/OneDrive/Desktop/FortressKey/pico-sdk/src/rp2_common/pico_standard_binary_info/standard_binary_info.c.obj
 .binary_info.keep.__bi_ptr42
                0x100072fc        0x4 CMakeFiles/FortressKey.dir/C_/Users/HP/OneDrive/Desktop/FortressKey/pico-sdk/src/rp2_common/pico_standard_binary_info/standard_binary_info.c.obj
 .binary_info.keep.__bi_ptr34
                0x10007300        0x4 CMakeFiles/FortressKey.dir/C_/Users/HP/OneDrive/Desktop/FortressKey/pico-sdk/src/rp2_common/pico_standard_binary_info/standard_binary_info.c.obj
 .binary_info.keep.__bi_ptr26
                0x10007304        0x4 CMakeFiles/FortressKey.dir/C_/Users/HP/OneDrive/Desktop/FortressKey/pico-sdk/src/rp2_common/pico_standard_binary_info/standard_binary_info.c.obj
 *(.binary_info.*)
 .binary_info.__bi_ptr202
                0x10007308        0x4 CMakeFiles/FortressKey.dir/C_/Users/HP/OneDrive/Desktop/FortressKey/pico-sdk/src/rp2_common/pico_stdio_usb/stdio_usb.c.obj
                0x1000730c                        __binary_info_end = .
                0x1000730c                        . = ALIGN (0x4)

.ram_vector_table
                0x20000000       0xc0
 *(.ram_vector_table)
 .ram_vector_table
                0x20000000       0xc0 CMakeFiles/FortressKey.dir/C_/Users/HP/OneDrive/Desktop/FortressKey/pico-sdk/src/rp2_common/pico_runtime_init/runtime_init.c.obj
                0x20000000                ram_vector_table

.uninitialized_data
                0x200000c0        0x0
                0x200000c0                        . = ALIGN (0x4)
 *(.uninitialized_data*)

.data           0x200000c0     0x1150 load address 0x1000730c
                0x200000c0                        __data_start__ = .
 *(vtable)
 *(.time_critical*)
 .time_critical.mutex_try_enter
                0x200000c0       0x40 CMakeFiles/FortressKey.dir/C_/Users/HP/OneDrive/Desktop/FortressKey/pico-sdk/src/common/pico_sync/mutex.c.obj
                0x200000c0                mutex_try_enter
 .time_critical.mutex_try_enter_block_until
                0x20000100       0x9c CMakeFiles/FortressKey.dir/C_/Users/HP/OneDrive/Desktop/FortressKey/pico-sdk/src/common/pico_sync/mutex.c.obj
                0x20000100                mutex_try_enter_block_until
 .time_critical.mutex_enter_timeout_ms
                0x2000019c       0x90 CMakeFiles/FortressKey.dir/C_/Users/HP/OneDrive/Desktop/FortressKey/pico-sdk/src/common/pico_sync/mutex.c.obj
                0x2000019c                mutex_enter_timeout_ms
 .time_critical.mutex_exit
                0x2000022c       0x28 CMakeFiles/FortressKey.dir/C_/Users/HP/OneDrive/Desktop/FortressKey/pico-sdk/src/common/pico_sync/mutex.c.obj
                0x2000022c                mutex_exit
 .time_critical.flash_init_boot2_copyout
                0x20000254       0x30 CMakeFiles/FortressKey.dir/C_/Users/HP/OneDrive/Desktop/FortressKey/pico-sdk/src/rp2_common/hardware_flash/flash.c.obj
 .time_critical.flash_enable_xip_via_boot2
                0x20000284        0xc CMakeFiles/FortressKey.dir/C_/Users/HP/OneDrive/Desktop/FortressKey/pico-sdk/src/rp2_common/hardware_flash/flash.c.obj
 .time_critical.flash_save_hardware_state
                0x20000290       0x20 CMakeFiles/FortressKey.dir/C_/Users/HP/OneDrive/Desktop/FortressKey/pico-sdk/src/rp2_common/hardware_flash/flash.c.obj
 .time_critical.flash_restore_hardware_state
                0x200002b0       0x20 CMakeFiles/FortressKey.dir/C_/Users/HP/OneDrive/Desktop/FortressKey/pico-sdk/src/rp2_common/hardware_flash/flash.c.obj
 .time_critical.flash_cs_force
                0x200002d0       0x38 CMakeFiles/FortressKey.dir/C_/Users/HP/OneDrive/Desktop/FortressKey/pico-sdk/src/rp2_common/hardware_flash/flash.c.obj
 .time_critical.flash_range_erase
                0x20000308       0x90 CMakeFiles/FortressKey.dir/C_/Users/HP/OneDrive/Desktop/FortressKey/pico-sdk/src/rp2_common/hardware_flash/flash.c.obj
                0x20000308                flash_range_erase
 .time_critical.flash_range_program
                0x20000398       0x90 CMakeFiles/FortressKey.dir/C_/Users/HP/OneDrive/Desktop/FortressKey/pico-sdk/src/rp2_common/hardware_flash/flash.c.obj
                0x20000398                flash_range_program
 .time_critical.flash_do_cmd
                0x20000428      0x144 CMakeFiles/FortressKey.dir/C_/Users/HP/OneDrive/Desktop/FortressKey/pico-sdk/src/rp2_common/hardware_flash/flash.c.obj
                0x20000428                flash_do_cmd
 .time_critical.reset_non_control_endpoints
                0x2000056c       0x68 CMakeFiles/FortressKey.dir/C_/Users/HP/OneDrive/Desktop/FortressKey/pico-sdk/lib/tinyusb/src/portable/raspberrypi/rp2040/dcd_rp2040.c.obj
 .time_critical.hw_handle_buff_status
                0x200005d4       0xa0 CMakeFiles/FortressKey.dir/C_/Users/HP/OneDrive/Desktop/FortressKey/pico-sdk/lib/tinyusb/src/portable/raspberrypi/rp2040/dcd_rp2040.c.obj
 .time_critical.dcd_rp2040_irq
                0x20000674      0x544 CMakeFiles/FortressKey.dir/C_/Users/HP/OneDrive/Desktop/FortressKey/pico-sdk/lib/tinyusb/src/portable/raspberrypi/rp2040/dcd_rp2040.c.obj
 .time_critical.prepare_ep_buffer
                0x20000bb8       0xe0 CMakeFiles/FortressKey.dir/C_/Users/HP/OneDrive/Desktop/FortressKey/pico-sdk/lib/tinyusb/src/portable/raspberrypi/rp2040/rp2040_usb.c.obj
 .time_critical.sync_ep_buffer
                0x20000c98       0xa8 CMakeFiles/FortressKey.dir/C_/Users/HP/OneDrive/Desktop/FortressKey/pico-sdk/lib/tinyusb/src/portable/raspberrypi/rp2040/rp2040_usb.c.obj
 .time_critical._hw_endpoint_xfer_sync
                0x20000d40       0x28 CMakeFiles/FortressKey.dir/C_/Users/HP/OneDrive/Desktop/FortressKey/pico-sdk/lib/tinyusb/src/portable/raspberrypi/rp2040/rp2040_usb.c.obj
 .time_critical.e15_is_bulkin_ep
                0x20000d68       0x28 CMakeFiles/FortressKey.dir/C_/Users/HP/OneDrive/Desktop/FortressKey/pico-sdk/lib/tinyusb/src/portable/raspberrypi/rp2040/rp2040_usb.c.obj
 .time_critical.e15_is_critical_frame_period
                0x20000d90       0x34 CMakeFiles/FortressKey.dir/C_/Users/HP/OneDrive/Desktop/FortressKey/pico-sdk/lib/tinyusb/src/portable/raspberrypi/rp2040/rp2040_usb.c.obj
 .time_critical.hw_endpoint_reset_transfer
                0x20000dc4        0xc CMakeFiles/FortressKey.dir/C_/Users/HP/OneDrive/Desktop/FortressKey/pico-sdk/lib/tinyusb/src/portable/raspberrypi/rp2040/rp2040_usb.c.obj
                0x20000dc4                hw_endpoint_reset_transfer
 .time_critical._hw_endpoint_buffer_control_update32
                0x20000dd0       0x50 CMakeFiles/FortressKey.dir/C_/Users/HP/OneDrive/Desktop/FortressKey/pico-sdk/lib/tinyusb/src/portable/raspberrypi/rp2040/rp2040_usb.c.obj
                0x20000dd0                _hw_endpoint_buffer_control_update32
 .time_critical.hw_endpoint_start_next_buffer
                0x20000e20       0x6c CMakeFiles/FortressKey.dir/C_/Users/HP/OneDrive/Desktop/FortressKey/pico-sdk/lib/tinyusb/src/portable/raspberrypi/rp2040/rp2040_usb.c.obj
                0x20000e20                hw_endpoint_start_next_buffer
 .time_critical.hw_endpoint_xfer_continue
                0x20000e8c       0x40 CMakeFiles/FortressKey.dir/C_/Users/HP/OneDrive/Desktop/FortressKey/pico-sdk/lib/tinyusb/src/portable/raspberrypi/rp2040/rp2040_usb.c.obj
                0x20000e8c                hw_endpoint_xfer_continue
 .time_critical.tinyusb
                0x20000ecc      0x1e4 CMakeFiles/FortressKey.dir/C_/Users/HP/OneDrive/Desktop/FortressKey/pico-sdk/lib/tinyusb/src/device/usbd.c.obj
                0x20000ecc                dcd_event_handler
 *(.text*)
 .text          0x200010b0        0x4 C:/ST/STM32CubeIDE_1.18.1/STM32CubeIDE/plugins/com.st.stm32cube.ide.mcu.externaltools.gnu-tools-for-stm32.13.3.rel1.win32_1.0.0.202411081344/tools/bin/../lib/gcc/arm-none-eabi/13.3.1/thumb/v6-m/nofp\libgcc.a(_dvmd_tls.o)
                0x200010b0                __aeabi_idiv0
                0x200010b0                __aeabi_ldiv0
 *fill*         0x200010b4        0x4 
 .text.__stub   0x200010b8       0x90 linker stubs
                0x20001148                        . = ALIGN (0x4)
 *(.rodata*)
                0x20001148                        . = ALIGN (0x4)
 *(.data*)
 .data.striped_spin_lock_num
                0x20001148        0x1 CMakeFiles/FortressKey.dir/C_/Users/HP/OneDrive/Desktop/FortressKey/pico-sdk/src/rp2_common/hardware_sync/sync.c.obj
 *fill*         0x20001149        0x3 
 .data          0x2000114c       0x48 CMakeFiles/FortressKey.dir/C_/Users/HP/OneDrive/Desktop/FortressKey/pico-sdk/src/rp2_common/hardware_irq/irq_handler_chain.S.obj
                0x2000114c                irq_handler_chain_slots
                0x2000117c                irq_handler_chain_first_slot
                0x20001186                irq_handler_chain_remove_tail
 .data.default_alarm_pool
                0x20001194       0x18 CMakeFiles/FortressKey.dir/C_/Users/HP/OneDrive/Desktop/FortressKey/pico-sdk/src/common/pico_time/time.c.obj
 *fill*         0x200011ac        0x4 
 .data.aeabi_bits_funcs
                0x200011b0       0x10 CMakeFiles/FortressKey.dir/C_/Users/HP/OneDrive/Desktop/FortressKey/pico-sdk/src/rp2_common/pico_bit_ops/bit_ops_aeabi.S.obj
                0x200011b0                aeabi_bits_funcs
                0x200011c0                aeabi_bits_funcs_end
 .data.aeabi_mem_funcs
                0x200011c0       0x10 CMakeFiles/FortressKey.dir/C_/Users/HP/OneDrive/Desktop/FortressKey/pico-sdk/src/rp2_common/pico_mem_ops/mem_ops_aeabi.S.obj
                0x200011c0                aeabi_mem_funcs
                0x200011d0                aeabi_mem_funcs_end
 .data.stdio_usb
                0x200011d0       0x18 CMakeFiles/FortressKey.dir/C_/Users/HP/OneDrive/Desktop/FortressKey/pico-sdk/src/rp2_common/pico_stdio_usb/stdio_usb.c.obj
                0x200011d0                stdio_usb
 .data._usbd_qdef
                0x200011e8       0x1c CMakeFiles/FortressKey.dir/C_/Users/HP/OneDrive/Desktop/FortressKey/pico-sdk/lib/tinyusb/src/device/usbd.c.obj
                0x200011e8                _usbd_qdef
 .data._usbd_rhport
                0x20001204        0x1 CMakeFiles/FortressKey.dir/C_/Users/HP/OneDrive/Desktop/FortressKey/pico-sdk/lib/tinyusb/src/device/usbd.c.obj
                0x20001208                        . = ALIGN (0x4)
 *fill*         0x20001205        0x3 
 *(.after_data.*)
                0x20001208                        . = ALIGN (0x4)
                0x20001208                        PROVIDE (__mutex_array_start = .)
 *(SORT_BY_NAME(.mutex_array.*))
 *(.mutex_array)
 .mutex_array   0x20001208        0x8 CMakeFiles/FortressKey.dir/C_/Users/HP/OneDrive/Desktop/FortressKey/pico-sdk/src/rp2_common/pico_stdio/stdio.c.obj
                0x20001210                        PROVIDE (__mutex_array_end = .)
                0x20001210                        . = ALIGN (0x4)
 *(.jcr)
                0x20001210                        . = ALIGN (0x4)

.igot.plt       0x20001210        0x0 load address 0x1000845c
 .igot.plt      0x20001210        0x0 C:/ST/STM32CubeIDE_1.18.1/STM32CubeIDE/plugins/com.st.stm32cube.ide.mcu.externaltools.gnu-tools-for-stm32.13.3.rel1.win32_1.0.0.202411081344/tools/bin/../lib/gcc/arm-none-eabi/13.3.1/thumb/v6-m/nofp/crtbegin.o

.tdata          0x20001210        0x0 load address 0x1000845c
                0x20001210                        . = ALIGN (0x4)
 *(.tdata .tdata.* .gnu.linkonce.td.*)
                0x20001210                        __tdata_end = .
                0x20001210                        PROVIDE (__data_end__ = .)
                0x1000730c                        __etext = LOADADDR (.data)

.tbss           0x20001210        0x0 load address 0x1000845c
                0x20001210                        . = ALIGN (0x4)
                0x20001210                        __bss_start__ = .
                0x20001210                        __tls_base = .
 *(.tbss .tbss.* .gnu.linkonce.tb.*)
 *(.tcommon)
                0x20001210                        __tls_end = .

.bss            0x20001210      0xf00 load address 0x1000845c
                0x20001210                        . = ALIGN (0x4)
                0x20001210                        __tbss_end = .
 *(SORT_BY_ALIGNMENT(SORT_BY_NAME(.bss*)))
 .bss.default_alarm_pool_entries
                0x20001210      0x180 CMakeFiles/FortressKey.dir/C_/Users/HP/OneDrive/Desktop/FortressKey/pico-sdk/src/common/pico_time/time.c.obj
 .bss.last_avail_time.1
                0x20001390        0x8 CMakeFiles/FortressKey.dir/C_/Users/HP/OneDrive/Desktop/FortressKey/pico-sdk/src/rp2_common/pico_stdio_usb/stdio_usb.c.obj
 .bss.sd_table  0x20001398      0x100 CMakeFiles/FortressKey.dir/C_/Users/HP/OneDrive/Desktop/FortressKey/pico-sdk/src/rp2_common/pico_double/double_init_rom_rp2040.c.obj
                0x20001398                sd_table
 .bss.sf_table  0x20001498      0x100 CMakeFiles/FortressKey.dir/C_/Users/HP/OneDrive/Desktop/FortressKey/pico-sdk/src/rp2_common/pico_float/float_init_rom_rp2040.c.obj
                0x20001498                sf_table
 .bss           0x20001598       0x1c C:/ST/STM32CubeIDE_1.18.1/STM32CubeIDE/plugins/com.st.stm32cube.ide.mcu.externaltools.gnu-tools-for-stm32.13.3.rel1.win32_1.0.0.202411081344/tools/bin/../lib/gcc/arm-none-eabi/13.3.1/thumb/v6-m/nofp/crtbegin.o
 .bss._app_driver
                0x200015b4        0x4 CMakeFiles/FortressKey.dir/C_/Users/HP/OneDrive/Desktop/FortressKey/pico-sdk/lib/tinyusb/src/device/usbd.c.obj
 .bss._cdcd_epbuf
                0x200015b8       0x80 CMakeFiles/FortressKey.dir/C_/Users/HP/OneDrive/Desktop/FortressKey/pico-sdk/lib/tinyusb/src/class/cdc/cdc_device.c.obj
 .bss._cdcd_fifo_cfg
                0x20001638        0x1 CMakeFiles/FortressKey.dir/C_/Users/HP/OneDrive/Desktop/FortressKey/pico-sdk/lib/tinyusb/src/class/cdc/cdc_device.c.obj
 *fill*         0x20001639        0x3 
 .bss._cdcd_itf
                0x2000163c       0xc8 CMakeFiles/FortressKey.dir/C_/Users/HP/OneDrive/Desktop/FortressKey/pico-sdk/lib/tinyusb/src/class/cdc/cdc_device.c.obj
 .bss._ctrl_epbuf
                0x20001704       0x40 CMakeFiles/FortressKey.dir/C_/Users/HP/OneDrive/Desktop/FortressKey/pico-sdk/lib/tinyusb/src/device/usbd_control.c.obj
 .bss._ctrl_xfer
                0x20001744       0x14 CMakeFiles/FortressKey.dir/C_/Users/HP/OneDrive/Desktop/FortressKey/pico-sdk/lib/tinyusb/src/device/usbd_control.c.obj
 .bss._tusb_rhport_role
                0x20001758        0x2 CMakeFiles/FortressKey.dir/C_/Users/HP/OneDrive/Desktop/FortressKey/pico-sdk/lib/tinyusb/src/tusb.c.obj
                0x20001758                _tusb_rhport_role
 *fill*         0x2000175a        0x2 
 .bss._ubsd_mutexdef
                0x2000175c        0x8 CMakeFiles/FortressKey.dir/C_/Users/HP/OneDrive/Desktop/FortressKey/pico-sdk/lib/tinyusb/src/device/usbd.c.obj
 .bss._usbd_dev
                0x20001764       0x54 CMakeFiles/FortressKey.dir/C_/Users/HP/OneDrive/Desktop/FortressKey/pico-sdk/lib/tinyusb/src/device/usbd.c.obj
 .bss._usbd_mutex
                0x200017b8        0x4 CMakeFiles/FortressKey.dir/C_/Users/HP/OneDrive/Desktop/FortressKey/pico-sdk/lib/tinyusb/src/device/usbd.c.obj
 .bss._usbd_q   0x200017bc        0x4 CMakeFiles/FortressKey.dir/C_/Users/HP/OneDrive/Desktop/FortressKey/pico-sdk/lib/tinyusb/src/device/usbd.c.obj
 .bss._usbd_qdef_buf
                0x200017c0       0xc0 CMakeFiles/FortressKey.dir/C_/Users/HP/OneDrive/Desktop/FortressKey/pico-sdk/lib/tinyusb/src/device/usbd.c.obj
                0x200017c0                _usbd_qdef_buf
 .bss._vendord_epbuf
                0x20001880       0x80 CMakeFiles/FortressKey.dir/C_/Users/HP/OneDrive/Desktop/FortressKey/pico-sdk/lib/tinyusb/src/class/vendor/vendor_device.c.obj
 .bss._vendord_itf
                0x20001900      0x24c CMakeFiles/FortressKey.dir/C_/Users/HP/OneDrive/Desktop/FortressKey/pico-sdk/lib/tinyusb/src/class/vendor/vendor_device.c.obj
 .bss.boot2_copyout
                0x20001b4c      0x100 CMakeFiles/FortressKey.dir/C_/Users/HP/OneDrive/Desktop/FortressKey/pico-sdk/src/rp2_common/hardware_flash/flash.c.obj
 .bss.chars_available_callback
                0x20001c4c        0x4 CMakeFiles/FortressKey.dir/C_/Users/HP/OneDrive/Desktop/FortressKey/pico-sdk/src/rp2_common/pico_stdio_usb/stdio_usb.c.obj
 .bss.chars_available_param
                0x20001c50        0x4 CMakeFiles/FortressKey.dir/C_/Users/HP/OneDrive/Desktop/FortressKey/pico-sdk/src/rp2_common/pico_stdio_usb/stdio_usb.c.obj
 .bss.claimed   0x20001c54        0x4 CMakeFiles/FortressKey.dir/C_/Users/HP/OneDrive/Desktop/FortressKey/pico-sdk/src/rp2_common/hardware_sync/sync.c.obj
 .bss.claimed   0x20001c58        0x1 CMakeFiles/FortressKey.dir/C_/Users/HP/OneDrive/Desktop/FortressKey/pico-sdk/src/rp2_common/hardware_timer/timer.c.obj
 *fill*         0x20001c59        0x3 
 .bss.configured_freq
                0x20001c5c       0x28 CMakeFiles/FortressKey.dir/C_/Users/HP/OneDrive/Desktop/FortressKey/pico-sdk/src/rp2_common/hardware_clocks/clocks.c.obj
 .bss.desc_str.0
                0x20001c84       0x28 CMakeFiles/FortressKey.dir/C_/Users/HP/OneDrive/Desktop/FortressKey/pico-sdk/src/rp2_common/pico_stdio_usb/stdio_usb_descriptors.c.obj
 .bss.drivers   0x20001cac        0x4 CMakeFiles/FortressKey.dir/C_/Users/HP/OneDrive/Desktop/FortressKey/pico-sdk/src/rp2_common/pico_stdio/stdio.c.obj
 .bss.e15_last_sof
                0x20001cb0        0x4 CMakeFiles/FortressKey.dir/C_/Users/HP/OneDrive/Desktop/FortressKey/pico-sdk/lib/tinyusb/src/portable/raspberrypi/rp2040/rp2040_usb.c.obj
                0x20001cb0                e15_last_sof
 .bss.filter    0x20001cb4        0x4 CMakeFiles/FortressKey.dir/C_/Users/HP/OneDrive/Desktop/FortressKey/pico-sdk/src/rp2_common/pico_stdio/stdio.c.obj
 .bss.hw_endpoints
                0x20001cb8      0x400 CMakeFiles/FortressKey.dir/C_/Users/HP/OneDrive/Desktop/FortressKey/pico-sdk/lib/tinyusb/src/portable/raspberrypi/rp2040/dcd_rp2040.c.obj
 .bss.lazy_vsnprintf
                0x200020b8        0x4 CMakeFiles/FortressKey.dir/C_/Users/HP/OneDrive/Desktop/FortressKey/pico-sdk/src/rp2_common/pico_printf/printf.c.obj
 .bss.load_value
                0x200020bc        0x4 CMakeFiles/FortressKey.dir/C_/Users/HP/OneDrive/Desktop/FortressKey/pico-sdk/src/rp2_common/hardware_watchdog/watchdog.c.obj
 .bss.next_buffer_ptr
                0x200020c0        0x4 CMakeFiles/FortressKey.dir/C_/Users/HP/OneDrive/Desktop/FortressKey/pico-sdk/lib/tinyusb/src/portable/raspberrypi/rp2040/dcd_rp2040.c.obj
 .bss.one_shot_timer_crit_sec
                0x200020c4        0x8 CMakeFiles/FortressKey.dir/C_/Users/HP/OneDrive/Desktop/FortressKey/pico-sdk/src/rp2_common/pico_stdio_usb/stdio_usb.c.obj
 .bss.pools     0x200020cc       0x10 CMakeFiles/FortressKey.dir/C_/Users/HP/OneDrive/Desktop/FortressKey/pico-sdk/src/common/pico_time/time.c.obj
 .bss.retrieved_id
                0x200020dc        0x8 CMakeFiles/FortressKey.dir/C_/Users/HP/OneDrive/Desktop/FortressKey/pico-sdk/src/rp2_common/pico_unique_id/unique_id.c.obj
 .bss.sf_clz_func
                0x200020e4        0x4 CMakeFiles/FortressKey.dir/C_/Users/HP/OneDrive/Desktop/FortressKey/pico-sdk/src/rp2_common/pico_double/double_init_rom_rp2040.c.obj
                0x200020e4                sf_clz_func
 .bss.sleep_notifier
                0x200020e8        0x4 CMakeFiles/FortressKey.dir/C_/Users/HP/OneDrive/Desktop/FortressKey/pico-sdk/src/common/pico_time/time.c.obj
 .bss.stdio_usb_mutex
                0x200020ec        0x8 CMakeFiles/FortressKey.dir/C_/Users/HP/OneDrive/Desktop/FortressKey/pico-sdk/src/rp2_common/pico_stdio_usb/stdio_usb.c.obj
 .bss.usbd_serial_str
                0x200020f4       0x11 CMakeFiles/FortressKey.dir/C_/Users/HP/OneDrive/Desktop/FortressKey/pico-sdk/src/rp2_common/pico_stdio_usb/stdio_usb_descriptors.c.obj
 .bss._app_driver_count
                0x20002105        0x1 CMakeFiles/FortressKey.dir/C_/Users/HP/OneDrive/Desktop/FortressKey/pico-sdk/lib/tinyusb/src/device/usbd.c.obj
 .bss._sof_enable
                0x20002106        0x1 CMakeFiles/FortressKey.dir/C_/Users/HP/OneDrive/Desktop/FortressKey/pico-sdk/lib/tinyusb/src/portable/raspberrypi/rp2040/dcd_rp2040.c.obj
 .bss._usbd_queued_setup
                0x20002107        0x1 CMakeFiles/FortressKey.dir/C_/Users/HP/OneDrive/Desktop/FortressKey/pico-sdk/lib/tinyusb/src/device/usbd.c.obj
 .bss.boot2_copyout_valid
                0x20002108        0x1 CMakeFiles/FortressKey.dir/C_/Users/HP/OneDrive/Desktop/FortressKey/pico-sdk/src/rp2_common/hardware_flash/flash.c.obj
 .bss.irq_handler_chain_free_slot_head
                0x20002109        0x1 CMakeFiles/FortressKey.dir/C_/Users/HP/OneDrive/Desktop/FortressKey/pico-sdk/src/rp2_common/hardware_irq/irq.c.obj
 .bss.itf_num   0x2000210a        0x1 CMakeFiles/FortressKey.dir/C_/Users/HP/OneDrive/Desktop/FortressKey/pico-sdk/src/rp2_common/pico_stdio_usb/reset_interface.c.obj
 .bss.low_priority_irq_num
                0x2000210b        0x1 CMakeFiles/FortressKey.dir/C_/Users/HP/OneDrive/Desktop/FortressKey/pico-sdk/src/rp2_common/pico_stdio_usb/stdio_usb.c.obj
 .bss.one_shot_timer_pending
                0x2000210c        0x1 CMakeFiles/FortressKey.dir/C_/Users/HP/OneDrive/Desktop/FortressKey/pico-sdk/src/rp2_common/pico_stdio_usb/stdio_usb.c.obj
 .bss.user_irq_claimed
                0x2000210d        0x1 CMakeFiles/FortressKey.dir/C_/Users/HP/OneDrive/Desktop/FortressKey/pico-sdk/src/rp2_common/hardware_irq/irq.c.obj
 *(COMMON)
                0x20002110                        . = ALIGN (0x4)
 *fill*         0x2000210e        0x2 
                0x20002110                        __bss_end__ = .

.heap           0x20002110      0x800 load address 0x1000845c
                0x20002110                        __end__ = .
                0x20002110                        end = __end__
 *(.heap*)
 .heap          0x20002110      0x800 CMakeFiles/FortressKey.dir/C_/Users/HP/OneDrive/Desktop/FortressKey/pico-sdk/src/rp2_common/pico_crt0/crt0.S.obj
                0x20040000                        __HeapLimit = (ORIGIN (RAM) + LENGTH (RAM))

.scratch_x      0x20040000        0x0 load address 0x1000845c
                0x20040000                        __scratch_x_start__ = .
 *(.scratch_x.*)
                0x20040000                        . = ALIGN (0x4)
                0x20040000                        __scratch_x_end__ = .
                0x1000845c                        __scratch_x_source__ = LOADADDR (.scratch_x)

.scratch_y      0x20041000        0x0 load address 0x1000845c
                0x20041000                        __scratch_y_start__ = .
 *(.scratch_y.*)
                0x20041000                        . = ALIGN (0x4)
                0x20041000                        __scratch_y_end__ = .
                0x1000845c                        __scratch_y_source__ = LOADADDR (.scratch_y)

.stack1_dummy
 *(.stack1*)

.stack_dummy    0x20041000      0x800
 *(.stack*)
 .stack         0x20041000      0x800 CMakeFiles/FortressKey.dir/C_/Users/HP/OneDrive/Desktop/FortressKey/pico-sdk/src/rp2_common/pico_crt0/crt0.S.obj

.rel.dyn        0x20041800        0x0
 .rel.iplt      0x20041800        0x0 C:/ST/STM32CubeIDE_1.18.1/STM32CubeIDE/plugins/com.st.stm32cube.ide.mcu.externaltools.gnu-tools-for-stm32.13.3.rel1.win32_1.0.0.202411081344/tools/bin/../lib/gcc/arm-none-eabi/13.3.1/thumb/v6-m/nofp/crtbegin.o

.flash_end      0x1000845c        0x0
 *(.embedded_end_block*)
                0x1000845c                        PROVIDE (__flash_binary_end = .)
                0x20040000                        __StackLimit = (ORIGIN (RAM) + LENGTH (RAM))
                0x20041000                        __StackOneTop = (ORIGIN (SCRATCH_X) + LENGTH (SCRATCH_X))
                0x20042000                        __StackTop = (ORIGIN (SCRATCH_Y) + LENGTH (SCRATCH_Y))